[    0.000000] Initializing cgroup subsys cpuset
[    0.000000] Initializing cgroup subsys cpu
[    0.000000] Initializing cgroup subsys cpuacct
[    0.000000] Linux version 4.4.0-93-generic (buildd@lgw01-03) (gcc version 5.4.0 20160609 (Ubuntu 5.4.0-6ubuntu1~16.04.4) ) #116-Ubuntu SMP Fri Aug 11 21:17:51 UTC 2017 (Ubuntu 4.4.0-93.116-generic 4.4.79)
[    0.000000] Command line: BOOT_IMAGE=/boot/vmlinuz-4.4.0-93-generic root=LABEL=cloudimg-rootfs ro console=tty1 console=ttyS0
[    0.000000] KERNEL supported cpus:
[    0.000000]   Intel GenuineIntel
[    0.000000]   AMD AuthenticAMD
[    0.000000]   Centaur CentaurHauls
[    0.000000] x86/fpu: xstate_offset[2]:  576, xstate_sizes[2]:  256
[    0.000000] x86/fpu: Supporting XSAVE feature 0x01: 'x87 floating point registers'
[    0.000000] x86/fpu: Supporting XSAVE feature 0x02: 'SSE registers'
[    0.000000] x86/fpu: Supporting XSAVE feature 0x04: 'AVX registers'
[    0.000000] x86/fpu: Enabled xstate features 0x7, context size is 832 bytes, using 'standard' format.
[    0.000000] x86/fpu: Using 'lazy' FPU context switches.
[    0.000000] e820: BIOS-provided physical RAM map:
[    0.000000] BIOS-e820: [mem 0x0000000000000000-0x000000000009fbff] usable
[    0.000000] BIOS-e820: [mem 0x000000000009fc00-0x000000000009ffff] reserved
[    0.000000] BIOS-e820: [mem 0x00000000000f0000-0x00000000000fffff] reserved
[    0.000000] BIOS-e820: [mem 0x0000000000100000-0x000000003ffeffff] usable
[    0.000000] BIOS-e820: [mem 0x000000003fff0000-0x000000003fffffff] ACPI data
[    0.000000] BIOS-e820: [mem 0x00000000fec00000-0x00000000fec00fff] reserved
[    0.000000] BIOS-e820: [mem 0x00000000fee00000-0x00000000fee00fff] reserved
[    0.000000] BIOS-e820: [mem 0x00000000fffc0000-0x00000000ffffffff] reserved
[    0.000000] NX (Execute Disable) protection: active
[    0.000000] SMBIOS 2.5 present.
[    0.000000] Hypervisor detected: KVM
[    0.000000] e820: last_pfn = 0x3fff0 max_arch_pfn = 0x400000000
[    0.000000] MTRR: Disabled
[    0.000000] x86/PAT: MTRRs disabled, skipping PAT initialization too.
[    0.000000] CPU MTRRs all blank - virtualized system.
[    0.000000] x86/PAT: Configuration [0-7]: WB  WT  UC- UC  WB  WT  UC- UC  
[    0.000000] found SMP MP-table at [mem 0x0009fff0-0x0009ffff] mapped at [ffff88000009fff0]
[    0.000000] Scanning 1 areas for low memory corruption
[    0.000000] RAMDISK: [mem 0x36ac4000-0x37559fff]
[    0.000000] ACPI: Early table checksum verification disabled
[    0.000000] ACPI: RSDP 0x00000000000E0000 000024 (v02 VBOX  )
[    0.000000] ACPI: XSDT 0x000000003FFF0030 00003C (v01 VBOX   VBOXXSDT 00000001 ASL  00000061)
[    0.000000] ACPI: FACP 0x000000003FFF00F0 0000F4 (v04 VBOX   VBOXFACP 00000001 ASL  00000061)
[    0.000000] ACPI: DSDT 0x000000003FFF0470 0021C8 (v02 VBOX   VBOXBIOS 00000002 INTL 20100528)
[    0.000000] ACPI: FACS 0x000000003FFF0200 000040
[    0.000000] ACPI: FACS 0x000000003FFF0200 000040
[    0.000000] ACPI: APIC 0x000000003FFF0240 00005C (v02 VBOX   VBOXAPIC 00000001 ASL  00000061)
[    0.000000] ACPI: SSDT 0x000000003FFF02A0 0001CC (v01 VBOX   VBOXCPUT 00000002 INTL 20100528)
[    0.000000] No NUMA configuration found
[    0.000000] Faking a node at [mem 0x0000000000000000-0x000000003ffeffff]
[    0.000000] NODE_DATA(0) allocated [mem 0x3ffeb000-0x3ffeffff]
[    0.000000] kvm-clock: Using msrs 4b564d01 and 4b564d00
[    0.000000] kvm-clock: cpu 0, msr 0:3ffe3001, primary cpu clock
[    0.000000] kvm-clock: using sched offset of 3174152925 cycles
[    0.000000] clocksource: kvm-clock: mask: 0xffffffffffffffff max_cycles: 0x1cd42e4dffb, max_idle_ns: 881590591483 ns
[    0.000000] Zone ranges:
[    0.000000]   DMA      [mem 0x0000000000001000-0x0000000000ffffff]
[    0.000000]   DMA32    [mem 0x0000000001000000-0x000000003ffeffff]
[    0.000000]   Normal   empty
[    0.000000]   Device   empty
[    0.000000] Movable zone start for each node
[    0.000000] Early memory node ranges
[    0.000000]   node   0: [mem 0x0000000000001000-0x000000000009efff]
[    0.000000]   node   0: [mem 0x0000000000100000-0x000000003ffeffff]
[    0.000000] Initmem setup node 0 [mem 0x0000000000001000-0x000000003ffeffff]
[    0.000000] ACPI: PM-Timer IO Port: 0x4008
[    0.000000] IOAPIC[0]: apic_id 2, version 32, address 0xfec00000, GSI 0-23
[    0.000000] ACPI: INT_SRC_OVR (bus 0 bus_irq 0 global_irq 2 dfl dfl)
[    0.000000] ACPI: INT_SRC_OVR (bus 0 bus_irq 9 global_irq 9 high level)
[    0.000000] Using ACPI (MADT) for SMP configuration information
[    0.000000] smpboot: Allowing 2 CPUs, 0 hotplug CPUs
[    0.000000] PM: Registered nosave memory: [mem 0x00000000-0x00000fff]
[    0.000000] PM: Registered nosave memory: [mem 0x0009f000-0x0009ffff]
[    0.000000] PM: Registered nosave memory: [mem 0x000a0000-0x000effff]
[    0.000000] PM: Registered nosave memory: [mem 0x000f0000-0x000fffff]
[    0.000000] e820: [mem 0x40000000-0xfebfffff] available for PCI devices
[    0.000000] Booting paravirtualized kernel on KVM
[    0.000000] clocksource: refined-jiffies: mask: 0xffffffff max_cycles: 0xffffffff, max_idle_ns: 7645519600211568 ns
[    0.000000] setup_percpu: NR_CPUS:512 nr_cpumask_bits:512 nr_cpu_ids:2 nr_node_ids:1
[    0.000000] PERCPU: Embedded 34 pages/cpu @ffff88003fc00000 s98328 r8192 d32744 u1048576
[    0.000000] PV qspinlock hash table entries: 256 (order: 0, 4096 bytes)
[    0.000000] Built 1 zonelists in Node order, mobility grouping on.  Total pages: 257913
[    0.000000] Policy zone: DMA32
[    0.000000] Kernel command line: BOOT_IMAGE=/boot/vmlinuz-4.4.0-93-generic root=LABEL=cloudimg-rootfs ro console=tty1 console=ttyS0
[    0.000000] PID hash table entries: 4096 (order: 3, 32768 bytes)
[    0.000000] Memory: 1001724K/1048120K available (8479K kernel code, 1294K rwdata, 3984K rodata, 1492K init, 1316K bss, 46396K reserved, 0K cma-reserved)
[    0.000000] SLUB: HWalign=64, Order=0-3, MinObjects=0, CPUs=2, Nodes=1
[    0.000000] Hierarchical RCU implementation.
[    0.000000] 	Build-time adjustment of leaf fanout to 64.
[    0.000000] 	RCU restricting CPUs from NR_CPUS=512 to nr_cpu_ids=2.
[    0.000000] RCU: Adjusting geometry for rcu_fanout_leaf=64, nr_cpu_ids=2
[    0.000000] NR_IRQS:33024 nr_irqs:440 16
[    0.000000] Console: colour VGA+ 80x25
[    0.000000] console [tty1] enabled
[    0.000000] console [ttyS0] enabled
[    0.000000] tsc: Detected 1599.999 MHz processor
[    3.928086] Calibrating delay loop (skipped) preset value.. 3199.99 BogoMIPS (lpj=6399996)
[    3.930540] pid_max: default: 32768 minimum: 301
[    3.931843] ACPI: Core revision 20150930
[    3.934071] ACPI: 2 ACPI AML tables successfully acquired and loaded
[    3.935951] Security Framework initialized
[    3.943891] Yama: becoming mindful.
[    3.961291] AppArmor: AppArmor initialized
[    3.982950] Dentry cache hash table entries: 131072 (order: 8, 1048576 bytes)
[    4.011325] Inode-cache hash table entries: 65536 (order: 7, 524288 bytes)
[    4.055219] Mount-cache hash table entries: 2048 (order: 2, 16384 bytes)
[    4.122378] Mountpoint-cache hash table entries: 2048 (order: 2, 16384 bytes)
[    4.187214] Initializing cgroup subsys io
[    4.217930] Initializing cgroup subsys memory
[    4.257211] Initializing cgroup subsys devices
[    4.307771] Initializing cgroup subsys freezer
[    4.323362] Initializing cgroup subsys net_cls
[    4.324973] Initializing cgroup subsys perf_event
[    4.370220] Initializing cgroup subsys net_prio
[    4.409198] Initializing cgroup subsys hugetlb
[    4.423578] Initializing cgroup subsys pids
[    4.469464] CPU: Physical Processor ID: 0
[    4.502919] CPU: Processor Core ID: 0
[    4.554087] mce: CPU supports 0 MCE banks
[    4.597151] Last level iTLB entries: 4KB 64, 2MB 8, 4MB 8
[    4.622797] Last level dTLB entries: 4KB 64, 2MB 0, 4MB 0, 1GB 4
[    4.687933] Freeing SMP alternatives memory: 32K (ffffffff820ba000 - ffffffff820c2000)
[    4.782008] ftrace: allocating 32136 entries in 126 pages
[    4.890968] smpboot: APIC(0) Converting physical 0 to logical package 0
[    4.937224] smpboot: Max logical packages: 1
[    4.942469] x2apic enabled
[    4.963672] Switched APIC routing to physical x2apic.
[    4.967470] ..TIMER: vector=0x30 apic1=0 pin1=2 apic2=-1 pin2=-1
[    5.145304] smpboot: CPU0: Intel(R) Core(TM) i5-5250U CPU @ 1.60GHz (family: 0x6, model: 0x3d, stepping: 0x4)
[    5.218202] Performance Events: unsupported p6 CPU model 61 no PMU driver, software events only.
[    5.323153] KVM setup paravirtual spinlock
[    5.360085] x86: Booting SMP configuration:
[    5.373719] .... node  #0, CPUs:      #1
[    5.384699] kvm-clock: cpu 1, msr 0:3ffe3041, secondary cpu clock
[    5.388215] mce: CPU supports 0 MCE banks
[    5.399761] x86: Booted up 1 node, 2 CPUs
[    5.417474] smpboot: Total of 2 processors activated (6399.99 BogoMIPS)
[    5.463957] devtmpfs: initialized
[    5.495709] evm: security.selinux
[    5.538169] evm: security.SMACK64
[    5.563709] evm: security.SMACK64EXEC
[    5.577392] evm: security.SMACK64TRANSMUTE
[    5.597735] evm: security.SMACK64MMAP
[    5.639556] evm: security.ima
[    5.666501] evm: security.capability
[    5.687652] clocksource: jiffies: mask: 0xffffffff max_cycles: 0xffffffff, max_idle_ns: 7645041785100000 ns
[    5.753402] futex hash table entries: 512 (order: 3, 32768 bytes)
[    5.780806] pinctrl core: initialized pinctrl subsystem
[    5.828349] RTC time: 15:56:59, date: 09/11/17
[    5.862055] NET: Registered protocol family 16
[    5.899969] cpuidle: using governor ladder
[    5.947694] cpuidle: using governor menu
[    5.959585] PCCT header not found.
[    5.988146] ACPI: bus type PCI registered
[    6.009228] acpiphp: ACPI Hot Plug PCI Controller Driver version: 0.5
[    6.056485] PCI: Using configuration type 1 for base access
[    6.083703] ACPI: Added _OSI(Module Device)
[    6.118817] ACPI: Added _OSI(Processor Device)
[    6.120515] ACPI: Added _OSI(3.0 _SCP Extensions)
[    6.155209] ACPI: Added _OSI(Processor Aggregator Device)
[    6.166070] ACPI: Executed 1 blocks of module-level executable AML code
[    6.188108] ACPI: Interpreter enabled
[    6.190689] ACPI: (supports S0 S5)
[    6.194032] ACPI: Using IOAPIC for interrupt routing
[    6.197655] PCI: Using host bridge windows from ACPI; if necessary, use "pci=nocrs" and report a bug
[    6.272859] ACPI: PCI Root Bridge [PCI0] (domain 0000 [bus 00-ff])
[    6.314794] acpi PNP0A03:00: _OSC: OS supports [ASPM ClockPM Segments MSI]
[    6.385297] acpi PNP0A03:00: _OSC failed (AE_NOT_FOUND); disabling ASPM
[    6.432818] acpi PNP0A03:00: fail to add MMCONFIG information, can't access extended PCI configuration space under this bridge.
[    6.525823] PCI host bridge to bus 0000:00
[    6.547131] pci_bus 0000:00: root bus resource [io  0x0000-0x0cf7 window]
[    6.581276] pci_bus 0000:00: root bus resource [io  0x0d00-0xffff window]
[    6.597859] pci_bus 0000:00: root bus resource [mem 0x000a0000-0x000bffff window]
[    6.652758] pci_bus 0000:00: root bus resource [mem 0x40000000-0xffdfffff window]
[    6.681967] pci_bus 0000:00: root bus resource [bus 00-ff]
[    6.699558] pci 0000:00:01.1: legacy IDE quirk: reg 0x10: [io  0x01f0-0x01f7]
[    6.717830] pci 0000:00:01.1: legacy IDE quirk: reg 0x14: [io  0x03f6]
[    6.762883] pci 0000:00:01.1: legacy IDE quirk: reg 0x18: [io  0x0170-0x0177]
[    6.823241] pci 0000:00:01.1: legacy IDE quirk: reg 0x1c: [io  0x0376]
[    6.903047] pci 0000:00:07.0: quirk: [io  0x4000-0x403f] claimed by PIIX4 ACPI
[    6.977492] pci 0000:00:07.0: quirk: [io  0x4100-0x410f] claimed by PIIX4 SMB
[    7.055651] ACPI: PCI Interrupt Link [LNKA] (IRQs 5 9 10 *11)
[    7.072701] ACPI: PCI Interrupt Link [LNKB] (IRQs 5 9 10 *11)
[    7.101088] ACPI: PCI Interrupt Link [LNKC] (IRQs 5 9 *10 11)
[    7.120258] ACPI: PCI Interrupt Link [LNKD] (IRQs 5 *9 10 11)
[    7.150013] ACPI: Enabled 2 GPEs in block 00 to 07
[    7.165202] vgaarb: setting as boot device: PCI:0000:00:02.0
[    7.203310] vgaarb: device added: PCI:0000:00:02.0,decodes=io+mem,owns=io+mem,locks=none
[    7.205387] vgaarb: loaded
[    7.206268] vgaarb: bridge control possible 0000:00:02.0
[    7.217398] SCSI subsystem initialized
[    7.262735] ACPI: bus type USB registered
[    7.296275] usbcore: registered new interface driver usbfs
[    7.352105] usbcore: registered new interface driver hub
[    7.398349] usbcore: registered new device driver usb
[    7.446786] PCI: Using ACPI for IRQ routing
[    7.481405] NetLabel: Initializing
[    7.510223] NetLabel:  domain hash size = 128
[    7.551613] NetLabel:  protocols = UNLABELED CIPSOv4
[    7.607774] NetLabel:  unlabeled traffic allowed by default
[    7.649437] amd_nb: Cannot enumerate AMD northbridges
[    7.681981] clocksource: Switched to clocksource kvm-clock
[    7.752511] AppArmor: AppArmor Filesystem Enabled
[    7.783551] pnp: PnP ACPI init
[    7.833779] pnp: PnP ACPI: found 3 devices
[    7.922266] clocksource: acpi_pm: mask: 0xffffff max_cycles: 0xffffff, max_idle_ns: 2085701024 ns
[    8.022109] NET: Registered protocol family 2
[    8.101782] TCP established hash table entries: 8192 (order: 4, 65536 bytes)
[    8.195207] TCP bind hash table entries: 8192 (order: 5, 131072 bytes)
[    8.293105] TCP: Hash tables configured (established 8192 bind 8192)
[    8.296652] UDP hash table entries: 512 (order: 2, 16384 bytes)
[    8.341870] UDP-Lite hash table entries: 512 (order: 2, 16384 bytes)
[    8.411036] NET: Registered protocol family 1
[    8.423334] pci 0000:00:00.0: Limiting direct PCI/PCI transfers
[    8.513086] pci 0000:00:01.0: Activating ISA DMA hang workarounds
[    8.545099] Unpacking initramfs...
[   10.680327] Freeing initrd memory: 10840K (ffff880036ac4000 - ffff88003755a000)
[   10.772314] RAPL PMU detected, API unit is 2^-32 Joules, 4 fixed counters 10737418240 ms ovfl timer
[   10.919114] hw unit of domain pp0-core 2^-0 Joules
[   11.017728] hw unit of domain package 2^-0 Joules
[   11.053704] hw unit of domain dram 2^-0 Joules
[   11.082768] hw unit of domain pp1-gpu 2^-0 Joules
[   11.126104] platform rtc_cmos: registered platform RTC device (no PNP device found)
[   11.224276] Scanning for low memory corruption every 60 seconds
[   11.317582] audit: initializing netlink subsys (disabled)
[   11.359854] audit: type=2000 audit(1505145422.349:1): initialized
[   11.405219] Initialise system trusted keyring
[   11.451361] HugeTLB registered 2 MB page size, pre-allocated 0 pages
[   11.473339] zbud: loaded
[   11.492644] VFS: Disk quotas dquot_6.6.0
[   11.519716] VFS: Dquot-cache hash table entries: 512 (order 0, 4096 bytes)
[   11.543496] squashfs: version 4.0 (2009/01/31) Phillip Lougher
[   11.549415] fuse init (API version 7.23)
[   11.556754] Key type big_key registered
[   11.558025] Allocating IMA MOK and blacklist keyrings.
[   11.565031] Key type asymmetric registered
[   11.616279] Asymmetric key parser 'x509' registered
[   11.660317] Block layer SCSI generic (bsg) driver version 0.4 loaded (major 249)
[   11.675102] io scheduler noop registered
[   11.718102] io scheduler deadline registered (default)
[   11.755669] io scheduler cfq registered
[   11.774775] pci_hotplug: PCI Hot Plug PCI Core version: 0.5
[   11.792967] pciehp: PCI Express Hot Plug Controller Driver version: 0.4
[   11.843999] ACPI: AC Adapter [AC] (off-line)
[   11.887003] input: Power Button as /devices/LNXSYSTM:00/LNXPWRBN:00/input/input0
[   11.927383] ACPI: Power Button [PWRF]
[   11.988004] input: Sleep Button as /devices/LNXSYSTM:00/LNXSLPBN:00/input/input1
[   12.111508] ACPI: Sleep Button [SLPF]
[   12.155086] tsc: Refined TSC clocksource calibration: 1599.895 MHz
[   12.156734] clocksource: tsc: mask: 0xffffffffffffffff max_cycles: 0x170fc1c5c89, max_idle_ns: 440795225954 ns
[   12.163626] GHES: HEST is not enabled!
[   12.164698] ACPI: Battery Slot [BAT0] (battery present)
[   12.234235] Serial: 8250/16550 driver, 32 ports, IRQ sharing enabled
[   12.350389] 00:02: ttyS0 at I/O 0x3f8 (irq = 4, base_baud = 115200) is a 16550A
[   12.470939] Linux agpgart interface v0.103
[   12.547771] loop: module loaded
[   12.580248] scsi host0: ata_piix
[   12.595352] scsi host1: ata_piix
[   12.620734] ata1: PATA max UDMA/33 cmd 0x1f0 ctl 0x3f6 bmdma 0xd000 irq 14
[   12.628561] ata2: PATA max UDMA/33 cmd 0x170 ctl 0x376 bmdma 0xd008 irq 15
[   12.640312] libphy: Fixed MDIO Bus: probed
[   12.646791] tun: Universal TUN/TAP device driver, 1.6
[   12.661067] tun: (C) 1999-2004 Max Krasnyansky <maxk@qualcomm.com>
[   12.774595] PPP generic driver version 2.4.2
[   12.790899] ehci_hcd: USB 2.0 'Enhanced' Host Controller (EHCI) Driver
[   12.828903] ehci-pci: EHCI PCI platform driver
[   12.833351] ehci-platform: EHCI generic platform driver
[   12.847895] ohci_hcd: USB 1.1 'Open' Host Controller (OHCI) Driver
[   12.854211] ohci-pci: OHCI PCI platform driver
[   12.882230] ohci-platform: OHCI generic platform driver
[   12.940942] uhci_hcd: USB Universal Host Controller Interface driver
[   12.969440] i8042: PNP: PS/2 Controller [PNP0303:PS2K,PNP0f03:PS2M] at 0x60,0x64 irq 1,12
[   12.972415] serio: i8042 KBD port at 0x60,0x64 irq 1
[   12.977406] serio: i8042 AUX port at 0x60,0x64 irq 12
[   12.980270] mousedev: PS/2 mouse device common for all mice
[   12.984129] input: AT Translated Set 2 keyboard as /devices/platform/i8042/serio0/input/input2
[   13.000392] rtc_cmos rtc_cmos: rtc core: registered rtc_cmos as rtc0
[   13.057442] rtc_cmos rtc_cmos: alarms up to one day, 114 bytes nvram
[   13.088608] i2c /dev entries driver
[   13.089701] device-mapper: uevent: version 1.0.3
[   13.113193] device-mapper: ioctl: 4.34.0-ioctl (2015-10-28) initialised: dm-devel@redhat.com
[   13.228184] ledtrig-cpu: registered to indicate activity on CPUs
[   13.348322] NET: Registered protocol family 10
[   13.382415] NET: Registered protocol family 17
[   13.462725] Key type dns_resolver registered
[   13.532738] microcode: CPU0 sig=0x306d4, pf=0x40, revision=0x0
[   13.567602] microcode: CPU1 sig=0x306d4, pf=0x40, revision=0x0
[   13.599437] microcode: Microcode Update Driver: v2.01 <tigran@aivazian.fsnet.co.uk>, Peter Oruba
[   13.687312] registered taskstats version 1
[   13.724717] Loading compiled-in X.509 certificates
[   13.783414] Loaded X.509 cert 'Build time autogenerated kernel key: a6f98c496ad22cf23b77f8fe21ff88c41791cbd4'
[   13.843474] zswap: loaded using pool lzo/zbud
[   13.849880] Key type trusted registered
[   13.863763] Key type encrypted registered
[   13.877471] AppArmor: AppArmor sha1 policy hashing enabled
[   13.891739] ima: No TPM chip found, activating TPM-bypass!
[   13.910528] evm: HMAC attrs: 0x1
[   13.919483]   Magic number: 1:327:942
[   13.923481] rtc_cmos rtc_cmos: setting system clock to 2017-09-11 15:57:07 UTC (1505145427)
[   13.938816] BIOS EDD facility v0.16 2004-Jun-25, 0 devices found
[   13.972834] EDD information not available.
[   13.976467] Freeing unused kernel memory: 1492K (ffffffff81f45000 - ffffffff820ba000)
[   14.063912] Write protecting the kernel read-only data: 14336k
[   14.068963] Freeing unused kernel memory: 1748K (ffff88000184b000 - ffff880001a00000)
[   14.071572] Freeing unused kernel memory: 112K (ffff880001de4000 - ffff880001e00000)
Loading, please wait...
starting version[   14.092438] random: systemd-udevd: uninitialized urandom read (16 bytes read, 7 bits of entropy available)
 229
[   14.093095] random: udevadm: uninitialized urandom read (16 bytes read, 7 bits of entropy available)
[   14.093131] random: udevadm: uninitialized urandom read (16 bytes read, 7 bits of entropy available)
[   14.093245] random: udevadm: uninitialized urandom read (16 bytes read, 7 bits of entropy available)
[   14.093353] random: udevadm: uninitialized urandom read (16 bytes read, 7 bits of entropy available)
[   14.093442] random: udevadm: uninitialized urandom read (16 bytes read, 7 bits of entropy available)
[   14.093508] random: udevadm: uninitialized urandom read (16 bytes read, 7 bits of entropy available)
[   14.093568] random: udevadm: uninitialized urandom read (16 bytes read, 7 bits of entropy available)
[   14.093715] random: udevadm: uninitialized urandom read (16 bytes read, 7 bits of entropy available)
[   14.093787] random: udevadm: uninitialized urandom read (16 bytes read, 7 bits of entropy available)
[   15.007578] e1000: Intel(R) PRO/1000 Network Driver - version 7.3.21-k8-NAPI
[   15.038551] e1000: Copyright (c) 1999-2006 Intel Corporation.
[   15.063462] Fusion MPT base driver 3.04.20
[   15.125309] Copyright (c) 1999-2008 LSI Corporation
[   15.134613] Fusion MPT SPI Host driver 3.04.20
[   15.163084] AVX version of gcm_enc/dec engaged.
[   15.164523] AES CTR mode by8 optimization enabled
[   15.383647] input: ImExPS/2 Generic Explorer Mouse as /devices/platform/i8042/serio1/input/input4
[   15.498499] e1000 0000:00:03.0 eth0: (PCI:33MHz:32-bit) 02:04:e4:df:e4:d8
[   15.552464] e1000 0000:00:03.0 eth0: Intel(R) PRO/1000 Network Connection
[   15.584540] mptbase: ioc0: Initiating bringup
[   15.682396] ioc0: LSI53C1030 A0: Capabilities={Initiator}
[   15.986716] scsi host2: ioc0: LSI53C1030 A0, FwRev=00000000h, Ports=1, MaxQ=256, IRQ=20
[   16.158621] scsi 2:0:0:0: Direct-Access     VBOX     HARDDISK         1.0  PQ: 0 ANSI: 5
[   16.200433] scsi target2:0:0: Beginning Domain Validation
[   16.217856] scsi target2:0:0: Domain Validation skipping write tests
[   16.232135] scsi target2:0:0: Ending Domain Validation
[   16.236789] scsi target2:0:0: asynchronous
[   16.242187] scsi 2:0:1:0: Direct-Access     VBOX     HARDDISK         1.0  PQ: 0 ANSI: 5
[   16.248054] scsi target2:0:1: Beginning Domain Validation
[   16.250488] scsi target2:0:1: Domain Validation skipping write tests
[   16.259661] scsi target2:0:1: Ending Domain Validation
[   16.277126] scsi target2:0:1: asynchronous
[   16.298934] sd 2:0:0:0: Attached scsi generic sg0 type 0
[   16.336184] sd 2:0:1:0: Attached scsi generic sg1 type 0
[   16.349514] sd 2:0:1:0: [sdb] 20480 512-byte logical blocks: (10.5 MB/10.0 MiB)
[   16.352117] sd 2:0:1:0: [sdb] Write Protect is off
[   16.352658] sd 2:0:0:0: [sda] 20971520 512-byte logical blocks: (10.7 GB/10.0 GiB)
[   16.365830] sd 2:0:0:0: [sda] Write Protect is off
[   16.373622] sd 2:0:1:0: [sdb] Incomplete mode parameter data
[   16.406393] sd 2:0:1:0: [sdb] Assuming drive cache: write through
[   16.424433] sd 2:0:0:0: [sda] Incomplete mode parameter data
[   16.426125] sd 2:0:0:0: [sda] Assuming drive cache: write through
[   16.429197]  sda: sda1
[   16.440569] sd 2:0:0:0: [sda] Attached SCSI disk
[   16.460215] sd 2:0:1:0: [sdb] Attached SCSI disk
[   16.549583] e1000 0000:00:08.0 eth1: (PCI:33MHz:32-bit) 08:00:27:16:5e:d0
[   16.651718] e1000 0000:00:08.0 eth1: Intel(R) PRO/1000 Network Connection
[   16.741525] e1000 0000:00:08.0 enp0s8: renamed from eth1
[   16.802650] e1000 0000:00:03.0 enp0s3: renamed from eth0
[   18.042128] floppy0: no floppy controllers found
[   18.136159] work still pending
Begin: Loading e[   19.592391] md: linear personality registered for level -1
ssential drivers[   19.662559] md: multipath personality registered for level -4
 ... [   19.711528] md: raid0 personality registered for level 0
[   19.759171] md: raid1 personality registered for level 1
[   19.870521] raid6: sse2x1   gen()  7727 MB/s
[   19.982039] raid6: sse2x1   xor()  5869 MB/s
[   20.090083] raid6: sse2x2   gen()  8484 MB/s
[   20.206113] raid6: sse2x2   xor()  6038 MB/s
[   20.298068] raid6: sse2x4   gen() 10604 MB/s
[   20.410005] raid6: sse2x4   xor()  7887 MB/s
[   20.458753] raid6: using algorithm sse2x4 gen() 10604 MB/s
[   20.503822] raid6: .... xor() 7887 MB/s, rmw enabled
[   20.536273] raid6: using ssse3x2 recovery algorithm
[   20.556694] xor: automatically using best checksumming function:
[   20.610025]    avx       :  9972.000 MB/sec
[   20.631942] async_tx: api initialized (async)
[   20.680516] md: raid6 personality registered for level 6
[   20.739559] md: raid5 personality registered for level 5
[   20.783934] md: raid4 personality registered for level 4
[   20.831797] md: raid10 personality registered for level 10
done.
Begin: Running /scripts/init-premount ... done.
Begin: Mounti[   20.929741] Btrfs loaded
ng root file system ... Begin: Running /scripts/local-top ... done.
Begin: Running /scripts/local-premount ... Scanning for Btrfs filesystems
done.
Warning: [   20.988925] EXT4-fs (sda1): mounted filesystem with ordered data mode. Opts: (null)
fsck not present, so skipping root file system
done.
Begin: Running /scripts/local-bottom ... done.
Begin: Running /scripts/init-bottom ... done.
[   21.138898] systemd[1]: systemd 229 running in system mode. (+PAM +AUDIT +SELINUX +IMA +APPARMOR +SMACK +SYSVINIT +UTMP +LIBCRYPTSETUP +GCRYPT +GNUTLS +ACL +XZ -LZ4 +SECCOMP +BLKID +ELFUTILS +KMOD -IDN)
[   21.436551] systemd[1]: Detected virtualization oracle.
[   21.499771] systemd[1]: Detected architecture x86-64.

Welcome to [1mUbuntu 16.04.3 LTS[0m!

[   21.622959] systemd[1]: Set hostname to <ubuntu>.
[   21.686207] systemd[1]: Initializing machine ID from random generator.
[   21.700872] systemd[1]: Installed transient /etc/machine-id file.
[   21.899573] systemd[1]: Listening on udev Kernel Socket.
[[0;32m  OK  [0m] Listening on udev Kernel Socket.
[   21.930241] systemd[1]: Started Trigger resolvconf update for networkd DNS.
[[0;32m  OK  [0m] Started Trigger resolvconf update for networkd DNS.
[   22.066682] systemd[1]: Listening on /dev/initctl Compatibility Named Pipe.
[[0;32m  OK  [0m] Listening on /dev/initctl Compatibility Named Pipe.
[   22.146974] systemd[1]: Listening on Journal Socket (/dev/log).
[[0;32m  OK  [0m] Listening on Journal Socket (/dev/log).
[   22.218605] systemd[1]: Listening on udev Control Socket.
[[0;32m  OK  [0m] Listening on udev Control Socket.
[   22.306886] systemd[1]: Listening on Device-mapper event daemon FIFOs.
[[0;32m  OK  [0m] Listening on Device-mapper event daemon FIFOs.
[   22.346516] systemd[1]: Reached target Swap.
[[0;32m  OK  [0m] Reached target Swap.
[   22.349815] systemd[1]: Listening on LVM2 poll daemon socket.
[[0;32m  OK  [0m] Listening on LVM2 poll daemon socket.
[   22.353656] systemd[1]: Set up automount Arbitrary Executable File Formats File System Automount Point.
[[0;32m  OK  [0m] Set up automount Arbitrary Executab...ats File System Automount Point.
[   22.399143] systemd[1]: Created slice User and Session Slice.
[[0;32m  OK  [0m] Created slice User and Session Slice.
[   22.450511] systemd[1]: Listening on Journal Socket.
[[0;32m  OK  [0m] Listening on Journal Socket.
[   22.539933] systemd[1]: Started Forward Password Requests to Wall Directory Watch.
[[0;32m  OK  [0m] Started Forward Password Requests to Wall Directory Watch.
[   22.711125] systemd[1]: Listening on LVM2 metadata daemon socket.
[[0;32m  OK  [0m] Listening on LVM2 metadata daemon socket.
[   22.803107] systemd[1]: Created slice System Slice.
[[0;32m  OK  [0m] Created slice System Slice.
[   22.886286] systemd[1]: Mounting POSIX Message Queue File System...
[   22.916851] random: nonblocking pool is initialized
         Mounting POSIX Message Queue File System...
[   22.982723] systemd[1]: Starting Remount Root and Kernel File Systems...
         Starting Remount Root and Kernel[   23.003728] EXT4-fs (sda1): re-mounted. Opts: (null)
 File Systems...
[   23.039280] systemd[1]: Starting Create list of required static device nodes for the current kernel...
         Starting Create list of required st... nodes for the current kernel...
[   23.134654] systemd[1]: Starting Uncomplicated firewall...
         Starting Uncomplicated firewall...
[   23.266796] systemd[1]: Starting Set console keymap...
         Starting Set console keymap...
[   23.300828] systemd[1]: Mounting Debug File System...
         Mounting Debug File System...
[   23.370249] systemd[1]: Mounting Huge Pages File System...
         Mounting Huge Pages File System...
[   23.446847] systemd[1]: Reached target Slices.
[[0;32m  OK  [0m] Reached target Slices.
[   23.562914] systemd[1]: Starting Nameserver information manager...
         Starting Nameserver information manager...
[   23.646929] systemd[1]: Listening on Syslog Socket.
[[0;32m  OK  [0m] Listening on Syslog Socket.
[   23.747117] systemd[1]: Created slice system-serial\x2dgetty.slice.
[[0;32m  OK  [0m] Created slice system-serial\x2dgetty.slice.
[   23.894345] systemd[1]: Starting Monitoring of LVM2 mirrors, snapshots etc. using dmeventd or progress polling...
         Starting Monitoring of LVM2 mirrors... dmeventd or progress polling...
[   24.010297] systemd[1]: Starting Load Kernel Modules...
         Starting Load Ke[   24.030552] Loading iSCSI transport class v2.0-870.
rnel Modules...
[   24.104554] systemd[1]: Reached target Encrypted Volumes.
[[0;32m  OK  [0m] Reached targe[   24.157185] iscsi: registered transport (tcp)
t Encrypted Volumes.
[   24.242423] systemd[1]: Listening on Journal Audit Socket.
[[0;32m  OK  [0m] Listening on Journal Audit Socket.
[   24.284080] iscsi: registered transport (iser)
[   24.362458] systemd[1]: Starting Journal Service...
         Starting Journal Service...
[   24.410668] systemd[1]: Reached target User and Group Name Lookups.
[[0;32m  OK  [0m] Reached target User and Group Name Lookups.
[   24.575455] systemd[1]: Mounted Huge Pages File System.
[[0;32m  OK  [0m] Mounted Huge Pages File System.
[   24.731086] systemd[1]: Mounted POSIX Message Queue File System.
[[0;32m  OK  [0m] Mounted POSIX Message Queue File System.
[   24.861927] systemd[1]: Mounted Debug File System.
[[0;32m  OK  [0m] Mounted Debug File System.
[   24.918922] systemd[1]: Started Journal Service.
[[0;32m  OK  [0m] Started Journal Service.
[[0;32m  OK  [0m] Started Remount Root and Kernel File Systems.
[[0;32m  OK  [0m] Started Create list of required sta...ce nodes for the current kernel.
[[0;32m  OK  [0m] Started Uncomplicated firewall.
[[0;32m  OK  [0m] Started Set console keymap.
[[0;32m  OK  [0m] Started Load Kernel Modules.
[[0;32m  OK  [0m] Started Nameserver information manager.
[[0;32m  OK  [0m] Started LVM2 metadata daemon.
         Mounting FUSE Control File System...
         Starting Apply Kernel Variables...
         Starting Create Static Device Nodes in /dev...
         Starting Load/Save Random Seed...
         Starting udev Coldplug all Devices...
         Starting Initial cloud-init job (pre-networking)...
         Starting Flush Journal to Persistent Storage...
[[0;32m  OK  [0m] Mounted FUSE Control File System.
[[0;32m  OK  [0m] Started Apply Kernel Variables.
[[0;32m  OK  [0m] Started Create Static Device Nodes in /dev.
[[0;32m  OK  [0m] Started Load/Save Random Seed.
[[0;32m  OK  [0m] Started udev Coldplug all Devices.
[[0;32m  OK  [0m] Started Monitoring of LVM2 mirrors,...ng dmeventd or progress polling.
[[0;32m  OK  [0m] Started Flush Journal to Persistent Storage.
         Starting udev Kernel Device Manager...
[[0;32m  OK  [0m] Started udev Kernel Device Manager.
[[0;32m  OK  [0m] Reached target Local File Systems (Pre).
[[0;32m  OK  [0m] Reached target Local File Systems.
         Starting Set console font and keymap...
         Starting Create Volatile Files and Directories...
         Starting LSB: AppArmor initialization...
         Starting Commit a transient machine-id on disk...
[   19.420005] cloud-init[456]: Cloud-init v. 0.7.9 running 'init-local' at Mon, 11 Sep 2017 15:57:19 +0000. Up 18.86 seconds.
         Starting Tell Plymouth To Write Out Runtime Data...
[[0;32m  OK  [0m] Started Dispatch Password Requests to Console Directory Watch.
[[0;32m  OK  [0m] Started Create Volatile Files and Directories.
[[0;32m  OK  [0m] Started Commit a transient machine-id on disk.
[[0;32m  OK  [0m] Started Tell Plymouth To Write Out Runtime Data.
[[0;32m  OK  [0m] Started Initial cloud-init job (pre-networking).
[[0;32m  OK  [0m] Started Set console font and keymap.
[[0;32m  OK  [0m] Found device /dev/ttyS0.
[[0;32m  OK  [0m] Listening on Load/Save RF Kill Switch Status /dev/rfkill Watch.
[[0;32m  OK  [0m] Created slice system-getty.slice.
[[0;32m  OK  [0m] Reached target Network (Pre).
[[0;32m  OK  [0m] Reached target System Time Synchronized.
         Starting Update UTMP about System Boot/Shutdown...
[[0;32m  OK  [0m] Started Update UTMP about System Boot/Shutdown.
[[0;32m  OK  [0m] Started LSB: AppArmor initialization.
         Starting Raise network interfaces...
[[0;32m  OK  [0m] Started Raise network interfaces.
         Starting Initial cloud-init job (metadata service crawler)...
[[0;32m  OK  [0m] Reached target Network.
[   23.246887] cloud-init[942]: Cloud-init v. 0.7.9 running 'init' at Mon, 11 Sep 2017 15:57:23 +0000. Up 22.62 seconds.
[   23.309245] [cloud-init[0;32m  OK  [0m[942]: ] ci-info: +++++++++++++++++++++++++++++++++++++Net device info++++++++++++++++++++++++++++++++++++++Started Initial cloud-init job (metadata service crawler).

[   23.310122] cloud-init[942]: ci-info: +--------+-------+---------------------------+---------------+-------+-------------------+
[   23.524707] [cloud-init[0;32m  OK  [0m[942]: ] ci-info: | Device |   Up  |          Address          |      Mask     | Scope |     Hw-Address    |Reached target Cloud-config availability.

[[0;32m  OK  [0m] Reached target Network is Online.
[   23.525714] cloud-init[942]: ci-info: +--------+-------+---------------------------+---------------+-------+-------------------+
         Starting iSCSI initiator daemon (iscsid)...
[[0;32m  OK  [0m] Reached target System Initialization.
[[0;32m  OK  [0m] Listening on D-Bus System Message Bus Socket.
[[0;32m  OK  [0m] Started Timer to automatically refresh installed snaps.
[   23.622733] cloud-init[942]: ci-info: | enp0s3 |  True |         10.0.2.15         | 255.255.255.0 |   .   | 02:04:e4:df:e4:d8 |
[   23.816344] cloud-init[942]: ci-info: | enp0s3 |  True | fe80::4:e4ff:fedf:e4d8/64 |       .       |  link | 02:04:e4:df:e4:d8 |
[   23.860552] cloud-init[942]: ci-info: |   lo   |  True |         127.0.0.1         |   255.0.0.0   |   .   |         .         |
         Starting LXD - unix socket.
[[0;32m  OK  [0m] Started Daily apt download activities.
[[0;32m  OK  [0m] Started Daily apt upgrade and clean activities.
[   23.939779] cloud-init[942]: ci-info: |   lo   |  True |          ::1/128          |       .       |  host |         .         |
[   24.112671] cloud-init[942]: ci-info: | enp0s8 | False |             .             |       .       |   .   | 08:00:27:16:5e:d0 |
[   24.180933] cloud-init[942]: ci-info: +--------+-------+---------------------------+---------------+-------+-------------------+
[[0;32m  OK  [0m] Started ACPI Events Check.
[[0;32m  OK  [0m] Reached target Paths.
[[0;32m  OK  [0m] Listening on UUID daemon activation socket.
[   24.267524] cloud-init[942]: ci-info: +++++++++++++++++++++++++++Route IPv4 info++++++++++++++++++++++++++++
[   24.391025] cloud-init[942]: ci-info: +-------+-------------+----------+---------------+-----------+-------+
[[0;32m  OK  [0m] Listening on ACPID Listen Socket.
[   24.449611]          cloud-initStarting Socket activation for snappy daemon.[942]: 
ci-info: | Route | Destination | Gateway  |    Genmask    | Interface | Flags |
[   24.561021] [cloud-init[0;32m  OK  [0m[942]: ] ci-info: +-------+-------------+----------+---------------+-----------+-------+Started Daily Cleanup of Temporary Directories.

[[0;32m  OK  [0m] Reached target Timers.
[   24.562018] cloud-init[942]: ci-info: |   0   |   0.0.0.0   | 10.0.2.2 |    0.0.0.0    |   enp0s3  |   UG  |
[   24.701504] [cloud-init[0;32m  OK  [0m[942]: ] ci-info: |   1   |   10.0.2.0  | 0.0.0.0  | 255.255.255.0 |   enp0s3  |   U   |Listening on LXD - unix socket.

[[0;32m  OK  [0m] Listening on Socket activation for snappy daemon.
[   24.702270] cloud-init[942]: ci-info: +-------+-------------+----------+---------------+-----------+-------+
[[0;32m  OK  [0m] Started iSCSI initiator daemon (iscsid).
[   24.782801] cloud-init[942]: Generating public/private rsa key pair.
[   24.808730] cloud-init[942]: Your identification has been saved in /etc/ssh/ssh_host_rsa_key.
[   24.812638] cloud-init[942]: Your public key has been saved in /etc/ssh/ssh_host_rsa_key.pub.
[   24.846082]          cloud-initStarting Login to default iSCSI targets...[942]: 
The key fingerprint is:
[   24.916818] [cloud-init[0;32m  OK  [0m[942]: ] SHA256:n4pesEKpFuZSlNUyWoVsrfOFS3EYhThgj1njNbYrTmI root@ubuntu-xenialReached target Sockets.

[   24.917742] cloud-init[942]: The key's randomart image is:
[[0;32m  OK  [0m] Reached target Basic System.
[   24.958551] cloud-init[942]: +---[RSA 2048]----+
[   25.016786] [cloud-init[0;32m  OK  [0m[942]: ] |  oo+**=.        |Started FUSE filesystem for LXC.

[   25.017804] cloud-init[942]: | . OX+*o.        |
[   25.112467]          Starting Accounts Service...
cloud-init[942]: |  =+o=.+         |
[   25.156361]          cloud-initStarting Pollinate to seed the pseudo random number generator...[942]: 
| .. o.o..        |
[   25.196546]          cloud-initStarting LSB: Record successful boot for GRUB...[942]: 
|  E =+ooS        |
[   25.208263] [cloud-init[0;32m  OK  [0m[942]: ] | = B .oo . .     |Started ACPI event daemon.

[   25.208721] cloud-init[942]: |. + o . . o      |
[[   25.300202] cloud-init[942]: | o   . o .       |
[   25.300716] cloud-init[942]: |     .o .        |
[   25.300776] cloud-init[942]: +----[SHA256]-----+
[   25.300892] cloud-init[942]: Generating public/private dsa key pair.
[   25.300937] cloud-init[942]: Your identification has been saved in /etc/ssh/ssh_host_dsa_key.
[   25.301065] cloud-init[942]: Your public key has been saved in /etc/ssh/ssh_host_dsa_key.pub.
[   25.301109] cloud-init[942]: The key fingerprint is:
[   25.301144] cloud-init[942]: SHA256:By5skVCG3vgmPNPqKfVWybwwX5I3XlTuDzEAMyGObns root@ubuntu-xenial
[   25.301179] cloud-init[942]: The key's randomart image is:
[   25.301221] cloud-init[942]: +---[DSA 1024]----+
[   25.301293] cloud-init[942]: |    .oo . =o     |
[   25.301368] cloud-init[942]: |    .o + . o. .  |
[   25.301405] cloud-init[942]: |   . o+ o    +   |
[   25.301522] cloud-init[942]: |    oo.o .  . +  |
[   25.301566] cloud-init[942]: |   . o*oSo.. . o |
[   25.301604] cloud-init[942]: |    *o*oB.+ . o  |
[   25.301683] cloud-init[942]: |   . B.=E* o   o |
[   25.301761] cloud-init[942]: |  . ..o.o .     .|
[   25.301797] cloud-init[942]: |   oo.           |
[   25.301831] cloud-init[942]: +----[SHA256]-----+
[   25.301963] cloud-init[942]: Generating public/private ecdsa key pair.
[   25.302086] cloud-init[942]: Your identification has been saved in /etc/ssh/ssh_host_ecdsa_key.
[   25.302157] cloud-init[942]: Your public key has been saved in /etc/ssh/ssh_host_ecdsa_key.pub.
[   25.302239] cloud-init[942]: The key fingerprint is:
[   25.302279] cloud-init[942]: SHA256:muGhckqPVk8ed1nT3Spdl/jexw9H/lE/PMCrejEJAiA root@ubuntu-xenial
[   25.302370] cloud-init[942]: The key's randomart image is:
[   25.302462] cloud-init[942]: +---[ECDSA 256]---+
[   25.302504] cloud-init[942]: | E ..            |
[   25.302606] cloud-init[942]: |  .  .           |
[   25.302648] cloud-init[942]: |      .      ...o|
[   25.302682] cloud-init[942]: |       . .  +...=|
[   25.302715] cloud-init[942]: |      o S .o.=.o+|
[   25.302785] cloud-init[942]: |    .oo=. o+. *+o|
[   25.302859] cloud-init[942]: |  o.o++o .  ooo*=|
[   25.302894] cloud-init[942]: | ..*  o    ..  +O|
[   25.302951] cloud-init[942]: | .o .    .o.    =|
[   25.303023] cloud-init[942]: +----[SHA256]-----+
[   25.303064] cloud-init[942]: Generating public/private ed25519 key pair.
[   25.303122] cloud-init[942]: Your identification has been saved in /etc/ssh/ssh_host_ed25519_key.
[   25.303195] cloud-init[942]: Your public key has been saved in /etc/ssh/ssh_host_ed25519_key.pub.
[   25.303232] cloud-init[942]: The key fingerprint is:
[   25.303264] cloud-init[942]: SHA256:Ws6pBvTJEieH3mcWXfqyvUAm5YugS21RjzDFqEFOgTM root@ubuntu-xenial
[   25.303317] cloud-init[942]: The key's randomart image is:
[   25.303390] cloud-init[942]: +--[ED25519 256]--+
[   25.303424] cloud-init[942]: |   o+. o.        |
[   25.303457] cloud-init[942]: |  Eo. ...   .    |
[   25.303513] cloud-init[942]: |   o.+o ...o     |
[   25.303618] cloud-init[942]: |    * o+.=o      |
[   25.303689] cloud-init[942]: |   o Oo.S.=.     |
[   25.303834] cloud-init[942]: |    +o=B+*...    |
[   25.303883] cloud-init[942]: |    oo++= o+     |
[0;32m  OK  [0m] Started Snappy daemon.
[   25.304104] cloud-init[942]: |   . o..  ...    |
[   26.314027] cloud-init[942]: |    ...     ..   |
         Starting Auto import assertions from block devices...
[   26.362150] cloud-init[942]: +----[SHA256]-----+
[[0;32m  OK  [0m] Started D-Bus System Message Bus.
[[0;32m  OK  [0m] Started Regular background program processing daemon.
[[0;32m  OK  [0m] Started Unattended Upgrades Shutdown.
         Starting LXD - container startup/shutdown...
         Starting Apply the settings specified in cloud-config...
[[0;32m  OK  [0m] Started Deferred execution scheduler.
         Starting System Logging Service...
         Starting LSB: MD monitoring daemon...
         Starting /etc/rc.local Compatibility...
         Starting Login Service...
[[0;32m  OK  [0m] Started System Logging Service.
[[0;32m  OK  [0m] Started Pollinate to seed the pseudo random number generator.
[[0;32m  OK  [0m] Started Auto import assertions from block devices.
[[0;32m  OK  [0m] Started LXD - container startup/shutdown.
[[0;32m  OK  [0m] Started /etc/rc.local Compatibility.
[[0;32m  OK  [0m] Started Login to default iSCSI targets.
[[0;32m  OK  [0m] Started LSB: Record successful boot for GRUB.
[   27.074941] cloud-init[1136]: Generating locales (this might take a while)...
[[0;32m  OK  [0m] Started LSB: MD monitoring daemon.
         Starting Authenticate and Authorize Users to Run Privileged Tasks...
[[0;32m  OK  [0m] Reached target Remote File Systems (Pre).
[[0;32m  OK  [0m] Reached target Remote File Systems.
         Starting LSB: VirtualBox Linux Additions...
         Starting LSB: daemon to balance interrupts for SMP systems...
         Starting Permit User Sessions...
         Starting LSB: Set the CPU Frequency Scaling governor to "ondemand"...
         Starting LSB: automatic crash report generation...
         Starting OpenBSD Secure Shell server...
[[0;32m  OK  [0m] Started Permit User Sessions.
[[0;32m  OK  [0m] Started OpenBSD Secure Shell server.
[[0;32m  OK  [0m] Started Login Service.
[[0;32m  OK  [0m] Started Authenticate and Authorize Users to Run Privileged Tasks.
[[0;32m  OK  [0m] Started Accounts Service.
[[0;32m  OK  [0m] Started LSB: daemon to balance interrupts for SMP systems.
         Starting Hold until boot process finishes up...
         Starting Terminate Plymouth Boot Screen...
[[0;32m  OK  [0m] Started LSB: VirtualBox Linux Additions.
[[0;32m  OK  [0m] Started LSB: Set the CPU Frequency Scaling governor to "ondemand".
[[0;32m  OK  [0m] Started LSB: automatic crash report generation.
[[0;32m  OK  [0m] Started Hold until boot process finishes up.
[[0;32m  OK  [0m] Started Terminate Plymouth Boot Screen.
         Starting Set console scheme...
[[0;32m  OK  [0m] Started Getty on tty1.
[[0;32m  OK  [0m] Started Serial Getty on ttyS0.
[[0;32m  OK  [0m] Reached target Login Prompts.
[[0;32m  OK  [0m] Reached target Multi-User System.
[   27.988447] cloud-init[1136]:   en_US.UTF-8... done
[   28.045829] [cloud-init[0;32m  OK  [0m[1136]: ] Generation complete.Reached target Graphical Interface.

         Starting Update UTMP about System Runlevel Changes...
[[0;32m  OK  [0m] Started Set console scheme.
[[0;32m  OK  [0m] Started Update UTMP about System Runlevel Changes.
         Stopping OpenBSD Secure Shell server...
[[0;32m  OK  [0m] Stopped OpenBSD Secure Shell server.
         Starting OpenBSD Secure Shell server...
[[0;32m  OK  [0m] Started OpenBSD Secure Shell server.
[[0;32m  OK  [0m] Created slice User Slice of ubuntu.
         Starting User Manager for UID 1000...
[[0;32m  OK  [0m] Started Session 1 of user ubuntu.
[[0;32m  OK  [0m] Started User Manager for UID 1000.
[   28.659054] cloud-init[1136]: Cloud-init v. 0.7.9 running 'modules:config' at Mon, 11 Sep 2017 15:57:27 +0000. Up 26.91 seconds.
[[0;32m  OK  [0m] Started Apply the settings specified in cloud-config.
         Starting Execute cloud user/final scripts...
ci-info: no authorized ssh keys fingerprints found for user ubuntu.
<14>Sep 11 15:57:30 ec2: 
<14>Sep 11 15:57:30 ec2: #############################################################
<14>Sep 11 15:57:30 ec2: -----BEGIN SSH HOST KEY FINGERPRINTS-----
<14>Sep 11 15:57:30 ec2: 1024 SHA256:By5skVCG3vgmPNPqKfVWybwwX5I3XlTuDzEAMyGObns root@ubuntu-xenial (DSA)
<14>Sep 11 15:57:30 ec2: 256 SHA256:muGhckqPVk8ed1nT3Spdl/jexw9H/lE/PMCrejEJAiA root@ubuntu-xenial (ECDSA)
<14>Sep 11 15:57:30 ec2: 256 SHA256:Ws6pBvTJEieH3mcWXfqyvUAm5YugS21RjzDFqEFOgTM root@ubuntu-xenial (ED25519)
<14>Sep 11 15:57:30 ec2: 2048 SHA256:n4pesEKpFuZSlNUyWoVsrfOFS3EYhThgj1njNbYrTmI root@ubuntu-xenial (RSA)
<14>Sep 11 15:57:30 ec2: -----END SSH HOST KEY FINGERPRINTS-----
<14>Sep 11 15:57:30 ec2: #############################################################
-----BEGIN SSH HOST KEY KEYS-----
ecdsa-sha2-nistp256 AAAAE2VjZHNhLXNoYTItbmlzdHAyNTYAAAAIbmlzdHAyNTYAAABBBKrIKVyjOwaHmQkoz2G6uUEeKbM7EFc500iA8SfQQhOZ2YpB/7PjyST5dgCUFfDeGcv+iQpYGWH0woaKh6TghEs= root@ubuntu-xenial
ssh-ed25519 AAAAC3NzaC1lZDI1NTE5AAAAIIGgll6QTONvuPThJXxeWNM+I/hKiw9UaqhYx0C2sDIK root@ubuntu-xenial
ssh-rsa AAAAB3NzaC1yc2EAAAADAQABAAABAQDydmC6hZpr4QUE8iLjdxZEPhZ6Mp5D2Drw+U+rSN19D5Ky1iT1nwJE3GraxD3NTlgmOPLYoSfBFmtltxWvjwLR1+4v+QmbpGHgJrL3xU5wmHs4ks8NTvdoPbkOoHytycq1uKN2rwlPk1JOTYdD2fa2H/zX5kvlvKbTKD20V1Vp6KMRhjGTxQ8Hj4nXrXh7AkY8Fac7Xajqj7OKwwZI05Oir13x2hg9S5JeRK4SqE7g776WkvbI/vNnG0wG7OPoOplwVp7Q1DCOUdqcE0aJNZQl7A0Z4U4rkVs1HOk/xCJbDsIDLoV4FJrYtqN6szoQTa1o4E6RRPDCVxiweLKhfYk3 root@ubuntu-xenial
-----END SSH HOST KEY KEYS-----
[   30.029180] cloud-init[1363]: Cloud-init v. 0.7.9 running 'modules:final' at Mon, 11 Sep 2017 15:57:30 +0000. Up 29.44 seconds.
[   30.100642] [cloud-init[0;32m  OK  [0m[1363]: ] ci-info: no authorized ssh keys fingerprints found for user ubuntu.Started Execute cloud user/final scripts.

[   30.101374] cloud-init[1363]: Cloud-init v. 0.7.9 finished at Mon, 11 Sep 2017 15:57:30 +0000. Datasource DataSourceNoCloud [seed=/dev/sdb][dsmode=net].  Up 30.02 seconds
[[0;32m  OK  [0m] Reached target Cloud-init target.

Ubuntu 16.04.3 LTS ubuntu-xenial ttyS0

ubuntu-xenial login: 