[    0.000000] Initializing cgroup subsys cpuset
[    0.000000] Initializing cgroup subsys cpu
[    0.000000] Initializing cgroup subsys cpuacct
[    0.000000] Linux version 4.4.0-93-generic (buildd@lgw01-03) (gcc version 5.4.0 20160609 (Ubuntu 5.4.0-6ubuntu1~16.04.4) ) #116-Ubuntu SMP Fri Aug 11 21:17:51 UTC 2017 (Ubuntu 4.4.0-93.116-generic 4.4.79)
[    0.000000] Command line: BOOT_IMAGE=/boot/vmlinuz-4.4.0-93-generic root=LABEL=cloudimg-rootfs ro console=tty1 console=ttyS0
[    0.000000] KERNEL supported cpus:
[    0.000000]   Intel GenuineIntel
[    0.000000]   AMD AuthenticAMD
[    0.000000]   Centaur CentaurHauls
[    0.000000] x86/fpu: xstate_offset[2]:  576, xstate_sizes[2]:  256
[    0.000000] x86/fpu: Supporting XSAVE feature 0x01: 'x87 floating point registers'
[    0.000000] x86/fpu: Supporting XSAVE feature 0x02: 'SSE registers'
[    0.000000] x86/fpu: Supporting XSAVE feature 0x04: 'AVX registers'
[    0.000000] x86/fpu: Enabled xstate features 0x7, context size is 832 bytes, using 'standard' format.
[    0.000000] x86/fpu: Using 'lazy' FPU context switches.
[    0.000000] e820: BIOS-provided physical RAM map:
[    0.000000] BIOS-e820: [mem 0x0000000000000000-0x000000000009fbff] usable
[    0.000000] BIOS-e820: [mem 0x000000000009fc00-0x000000000009ffff] reserved
[    0.000000] BIOS-e820: [mem 0x00000000000f0000-0x00000000000fffff] reserved
[    0.000000] BIOS-e820: [mem 0x0000000000100000-0x000000003ffeffff] usable
[    0.000000] BIOS-e820: [mem 0x000000003fff0000-0x000000003fffffff] ACPI data
[    0.000000] BIOS-e820: [mem 0x00000000fec00000-0x00000000fec00fff] reserved
[    0.000000] BIOS-e820: [mem 0x00000000fee00000-0x00000000fee00fff] reserved
[    0.000000] BIOS-e820: [mem 0x00000000fffc0000-0x00000000ffffffff] reserved
[    0.000000] NX (Execute Disable) protection: active
[    0.000000] SMBIOS 2.5 present.
[    0.000000] Hypervisor detected: KVM
[    0.000000] e820: last_pfn = 0x3fff0 max_arch_pfn = 0x400000000
[    0.000000] MTRR: Disabled
[    0.000000] x86/PAT: MTRRs disabled, skipping PAT initialization too.
[    0.000000] CPU MTRRs all blank - virtualized system.
[    0.000000] x86/PAT: Configuration [0-7]: WB  WT  UC- UC  WB  WT  UC- UC  
[    0.000000] found SMP MP-table at [mem 0x0009fff0-0x0009ffff] mapped at [ffff88000009fff0]
[    0.000000] Scanning 1 areas for low memory corruption
[    0.000000] RAMDISK: [mem 0x36ac4000-0x37559fff]
[    0.000000] ACPI: Early table checksum verification disabled
[    0.000000] ACPI: RSDP 0x00000000000E0000 000024 (v02 VBOX  )
[    0.000000] ACPI: XSDT 0x000000003FFF0030 00003C (v01 VBOX   VBOXXSDT 00000001 ASL  00000061)
[    0.000000] ACPI: FACP 0x000000003FFF00F0 0000F4 (v04 VBOX   VBOXFACP 00000001 ASL  00000061)
[    0.000000] ACPI: DSDT 0x000000003FFF0470 0021C8 (v02 VBOX   VBOXBIOS 00000002 INTL 20100528)
[    0.000000] ACPI: FACS 0x000000003FFF0200 000040
[    0.000000] ACPI: FACS 0x000000003FFF0200 000040
[    0.000000] ACPI: APIC 0x000000003FFF0240 00005C (v02 VBOX   VBOXAPIC 00000001 ASL  00000061)
[    0.000000] ACPI: SSDT 0x000000003FFF02A0 0001CC (v01 VBOX   VBOXCPUT 00000002 INTL 20100528)
[    0.000000] No NUMA configuration found
[    0.000000] Faking a node at [mem 0x0000000000000000-0x000000003ffeffff]
[    0.000000] NODE_DATA(0) allocated [mem 0x3ffeb000-0x3ffeffff]
[    0.000000] kvm-clock: Using msrs 4b564d01 and 4b564d00
[    0.000000] kvm-clock: cpu 0, msr 0:3ffe3001, primary cpu clock
[    0.000000] kvm-clock: using sched offset of 3626986773 cycles
[    0.000000] clocksource: kvm-clock: mask: 0xffffffffffffffff max_cycles: 0x1cd42e4dffb, max_idle_ns: 881590591483 ns
[    0.000000] Zone ranges:
[    0.000000]   DMA      [mem 0x0000000000001000-0x0000000000ffffff]
[    0.000000]   DMA32    [mem 0x0000000001000000-0x000000003ffeffff]
[    0.000000]   Normal   empty
[    0.000000]   Device   empty
[    0.000000] Movable zone start for each node
[    0.000000] Early memory node ranges
[    0.000000]   node   0: [mem 0x0000000000001000-0x000000000009efff]
[    0.000000]   node   0: [mem 0x0000000000100000-0x000000003ffeffff]
[    0.000000] Initmem setup node 0 [mem 0x0000000000001000-0x000000003ffeffff]
[    0.000000] ACPI: PM-Timer IO Port: 0x4008
[    0.000000] IOAPIC[0]: apic_id 2, version 32, address 0xfec00000, GSI 0-23
[    0.000000] ACPI: INT_SRC_OVR (bus 0 bus_irq 0 global_irq 2 dfl dfl)
[    0.000000] ACPI: INT_SRC_OVR (bus 0 bus_irq 9 global_irq 9 high level)
[    0.000000] Using ACPI (MADT) for SMP configuration information
[    0.000000] smpboot: Allowing 2 CPUs, 0 hotplug CPUs
[    0.000000] PM: Registered nosave memory: [mem 0x00000000-0x00000fff]
[    0.000000] PM: Registered nosave memory: [mem 0x0009f000-0x0009ffff]
[    0.000000] PM: Registered nosave memory: [mem 0x000a0000-0x000effff]
[    0.000000] PM: Registered nosave memory: [mem 0x000f0000-0x000fffff]
[    0.000000] e820: [mem 0x40000000-0xfebfffff] available for PCI devices
[    0.000000] Booting paravirtualized kernel on KVM
[    0.000000] clocksource: refined-jiffies: mask: 0xffffffff max_cycles: 0xffffffff, max_idle_ns: 7645519600211568 ns
[    0.000000] setup_percpu: NR_CPUS:512 nr_cpumask_bits:512 nr_cpu_ids:2 nr_node_ids:1
[    0.000000] PERCPU: Embedded 34 pages/cpu @ffff88003fc00000 s98328 r8192 d32744 u1048576
[    0.000000] PV qspinlock hash table entries: 256 (order: 0, 4096 bytes)
[    0.000000] Built 1 zonelists in Node order, mobility grouping on.  Total pages: 257913
[    0.000000] Policy zone: DMA32
[    0.000000] Kernel command line: BOOT_IMAGE=/boot/vmlinuz-4.4.0-93-generic root=LABEL=cloudimg-rootfs ro console=tty1 console=ttyS0
[    0.000000] PID hash table entries: 4096 (order: 3, 32768 bytes)
[    0.000000] Memory: 1001724K/1048120K available (8479K kernel code, 1294K rwdata, 3984K rodata, 1492K init, 1316K bss, 46396K reserved, 0K cma-reserved)
[    0.000000] SLUB: HWalign=64, Order=0-3, MinObjects=0, CPUs=2, Nodes=1
[    0.000000] Hierarchical RCU implementation.
[    0.000000] 	Build-time adjustment of leaf fanout to 64.
[    0.000000] 	RCU restricting CPUs from NR_CPUS=512 to nr_cpu_ids=2.
[    0.000000] RCU: Adjusting geometry for rcu_fanout_leaf=64, nr_cpu_ids=2
[    0.000000] NR_IRQS:33024 nr_irqs:440 16
[    0.000000] Console: colour VGA+ 80x25
[    0.000000] console [tty1] enabled
[    0.000000] console [ttyS0] enabled
[    0.000000] tsc: Detected 1599.999 MHz processor
[    3.199958] Calibrating delay loop (skipped) preset value.. 3199.99 BogoMIPS (lpj=6399996)
[    3.232991] pid_max: default: 32768 minimum: 301
[    3.255259] ACPI: Core revision 20150930
[    3.286328] ACPI: 2 ACPI AML tables successfully acquired and loaded
[    3.309202] Security Framework initialized
[    3.311986] Yama: becoming mindful.
[    3.313118] AppArmor: AppArmor initialized
[    3.314407] Dentry cache hash table entries: 131072 (order: 8, 1048576 bytes)
[    3.356960] Inode-cache hash table entries: 65536 (order: 7, 524288 bytes)
[    3.426168] Mount-cache hash table entries: 2048 (order: 2, 16384 bytes)
[    3.461085] Mountpoint-cache hash table entries: 2048 (order: 2, 16384 bytes)
[    3.540742] Initializing cgroup subsys io
[    3.596749] Initializing cgroup subsys memory
[    3.624393] Initializing cgroup subsys devices
[    3.625661] Initializing cgroup subsys freezer
[    3.627592] Initializing cgroup subsys net_cls
[    3.644052] Initializing cgroup subsys perf_event
[    3.666568] Initializing cgroup subsys net_prio
[    3.691750] Initializing cgroup subsys hugetlb
[    3.698510] Initializing cgroup subsys pids
[    3.737041] CPU: Physical Processor ID: 0
[    3.765305] CPU: Processor Core ID: 0
[    3.767566] mce: CPU supports 0 MCE banks
[    3.785228] Last level iTLB entries: 4KB 64, 2MB 8, 4MB 8
[    3.816694] Last level dTLB entries: 4KB 64, 2MB 0, 4MB 0, 1GB 4
[    3.902759] Freeing SMP alternatives memory: 32K (ffffffff820ba000 - ffffffff820c2000)
[    3.975443] ftrace: allocating 32136 entries in 126 pages
[    4.046965] smpboot: APIC(0) Converting physical 0 to logical package 0
[    4.076010] smpboot: Max logical packages: 1
[    4.093028] x2apic enabled
[    4.112754] Switched APIC routing to physical x2apic.
[    4.135267] ..TIMER: vector=0x30 apic1=0 pin1=2 apic2=-1 pin2=-1
[    4.280815] smpboot: CPU0: Intel(R) Core(TM) i5-5250U CPU @ 1.60GHz (family: 0x6, model: 0x3d, stepping: 0x4)
[    4.360516] Performance Events: unsupported p6 CPU model 61 no PMU driver, software events only.
[    4.416304] KVM setup paravirtual spinlock
[    4.433952] x86: Booting SMP configuration:
[    4.443345] .... node  #0, CPUs:      #1
[    4.463204] kvm-clock: cpu 1, msr 0:3ffe3041, secondary cpu clock
[    4.472242] mce: CPU supports 0 MCE banks
[    4.476126] x86: Booted up 1 node, 2 CPUs
[    4.505188] smpboot: Total of 2 processors activated (6399.99 BogoMIPS)
[    4.537661] devtmpfs: initialized
[    4.549070] evm: security.selinux
[    4.556534] evm: security.SMACK64
[    4.569569] evm: security.SMACK64EXEC
[    4.601414] evm: security.SMACK64TRANSMUTE
[    4.638095] evm: security.SMACK64MMAP
[    4.677451] evm: security.ima
[    4.711859] evm: security.capability
[    4.753043] clocksource: jiffies: mask: 0xffffffff max_cycles: 0xffffffff, max_idle_ns: 7645041785100000 ns
[    4.803013] futex hash table entries: 512 (order: 3, 32768 bytes)
[    4.810329] pinctrl core: initialized pinctrl subsystem
[    4.856894] RTC time: 22:25:30, date: 09/11/17
[    4.894251] NET: Registered protocol family 16
[    4.935925] cpuidle: using governor ladder
[    4.980096] cpuidle: using governor menu
[    5.009510] PCCT header not found.
[    5.040479] ACPI: bus type PCI registered
[    5.077342] acpiphp: ACPI Hot Plug PCI Controller Driver version: 0.5
[    5.130636] PCI: Using configuration type 1 for base access
[    5.204227] ACPI: Added _OSI(Module Device)
[    5.242614] ACPI: Added _OSI(Processor Device)
[    5.281540] ACPI: Added _OSI(3.0 _SCP Extensions)
[    5.299301] ACPI: Added _OSI(Processor Aggregator Device)
[    5.349642] ACPI: Executed 1 blocks of module-level executable AML code
[    5.410119] ACPI: Interpreter enabled
[    5.429480] ACPI: (supports S0 S5)
[    5.438304] ACPI: Using IOAPIC for interrupt routing
[    5.450753] PCI: Using host bridge windows from ACPI; if necessary, use "pci=nocrs" and report a bug
[    5.469265] ACPI: PCI Root Bridge [PCI0] (domain 0000 [bus 00-ff])
[    5.510992] acpi PNP0A03:00: _OSC: OS supports [ASPM ClockPM Segments MSI]
[    5.546327] acpi PNP0A03:00: _OSC failed (AE_NOT_FOUND); disabling ASPM
[    5.563521] acpi PNP0A03:00: fail to add MMCONFIG information, can't access extended PCI configuration space under this bridge.
[    5.633773] PCI host bridge to bus 0000:00
[    5.657800] pci_bus 0000:00: root bus resource [io  0x0000-0x0cf7 window]
[    5.698781] pci_bus 0000:00: root bus resource [io  0x0d00-0xffff window]
[    5.713465] pci_bus 0000:00: root bus resource [mem 0x000a0000-0x000bffff window]
[    5.767420] pci_bus 0000:00: root bus resource [mem 0x40000000-0xffdfffff window]
[    5.806269] pci_bus 0000:00: root bus resource [bus 00-ff]
[    5.826015] pci 0000:00:01.1: legacy IDE quirk: reg 0x10: [io  0x01f0-0x01f7]
[    5.859651] pci 0000:00:01.1: legacy IDE quirk: reg 0x14: [io  0x03f6]
[    5.907750] pci 0000:00:01.1: legacy IDE quirk: reg 0x18: [io  0x0170-0x0177]
[    5.975061] pci 0000:00:01.1: legacy IDE quirk: reg 0x1c: [io  0x0376]
[    6.045911] pci 0000:00:07.0: quirk: [io  0x4000-0x403f] claimed by PIIX4 ACPI
[    6.080282] pci 0000:00:07.0: quirk: [io  0x4100-0x410f] claimed by PIIX4 SMB
[    6.137606] ACPI: PCI Interrupt Link [LNKA] (IRQs 5 9 10 *11)
[    6.161277] ACPI: PCI Interrupt Link [LNKB] (IRQs 5 9 10 *11)
[    6.213530] ACPI: PCI Interrupt Link [LNKC] (IRQs 5 9 *10 11)
[    6.255899] ACPI: PCI Interrupt Link [LNKD] (IRQs 5 *9 10 11)
[    6.295162] ACPI: Enabled 2 GPEs in block 00 to 07
[    6.340340] vgaarb: setting as boot device: PCI:0000:00:02.0
[    6.389553] vgaarb: device added: PCI:0000:00:02.0,decodes=io+mem,owns=io+mem,locks=none
[    6.443689] vgaarb: loaded
[    6.472807] vgaarb: bridge control possible 0000:00:02.0
[    6.511170] SCSI subsystem initialized
[    6.539218] ACPI: bus type USB registered
[    6.555343] usbcore: registered new interface driver usbfs
[    6.558363] usbcore: registered new interface driver hub
[    6.580056] usbcore: registered new device driver usb
[    6.581856] PCI: Using ACPI for IRQ routing
[    6.589652] NetLabel: Initializing
[    6.619878] NetLabel:  domain hash size = 128
[    6.650722] NetLabel:  protocols = UNLABELED CIPSOv4
[    6.664671] NetLabel:  unlabeled traffic allowed by default
[    6.695460] amd_nb: Cannot enumerate AMD northbridges
[    6.718184] clocksource: Switched to clocksource kvm-clock
[    6.748012] AppArmor: AppArmor Filesystem Enabled
[    6.789839] pnp: PnP ACPI init
[    6.843939] pnp: PnP ACPI: found 3 devices
[    6.917044] clocksource: acpi_pm: mask: 0xffffff max_cycles: 0xffffff, max_idle_ns: 2085701024 ns
[    7.016738] NET: Registered protocol family 2
[    7.083717] TCP established hash table entries: 8192 (order: 4, 65536 bytes)
[    7.190653] TCP bind hash table entries: 8192 (order: 5, 131072 bytes)
[    7.280804] TCP: Hash tables configured (established 8192 bind 8192)
[    7.377140] UDP hash table entries: 512 (order: 2, 16384 bytes)
[    7.442991] UDP-Lite hash table entries: 512 (order: 2, 16384 bytes)
[    7.553723] NET: Registered protocol family 1
[    7.554943] pci 0000:00:00.0: Limiting direct PCI/PCI transfers
[    7.647362] pci 0000:00:01.0: Activating ISA DMA hang workarounds
[    7.699724] Unpacking initramfs...
[   10.068291] Freeing initrd memory: 10840K (ffff880036ac4000 - ffff88003755a000)
[   10.114696] RAPL PMU detected, API unit is 2^-32 Joules, 4 fixed counters 10737418240 ms ovfl timer
[   10.165473] hw unit of domain pp0-core 2^-0 Joules
[   10.191782] hw unit of domain package 2^-0 Joules
[   10.194209] hw unit of domain dram 2^-0 Joules
[   10.221007] hw unit of domain pp1-gpu 2^-0 Joules
[   10.256200] platform rtc_cmos: registered platform RTC device (no PNP device found)
[   10.307249] Scanning for low memory corruption every 60 seconds
[   10.384678] audit: initializing netlink subsys (disabled)
[   10.422111] audit: type=2000 audit(1505168735.307:1): initialized
[   10.447269] Initialise system trusted keyring
[   10.489037] HugeTLB registered 2 MB page size, pre-allocated 0 pages
[   10.532343] zbud: loaded
[   10.558119] VFS: Disk quotas dquot_6.6.0
[   10.603886] VFS: Dquot-cache hash table entries: 512 (order 0, 4096 bytes)
[   10.660734] squashfs: version 4.0 (2009/01/31) Phillip Lougher
[   10.742597] fuse init (API version 7.23)
[   10.791150] Key type big_key registered
[   10.817500] Allocating IMA MOK and blacklist keyrings.
[   10.861047] Key type asymmetric registered
[   10.876183] Asymmetric key parser 'x509' registered
[   10.920043] Block layer SCSI generic (bsg) driver version 0.4 loaded (major 249)
[   10.939659] io scheduler noop registered
[   10.982800] io scheduler deadline registered (default)
[   11.022378] io scheduler cfq registered
[   11.051159] pci_hotplug: PCI Hot Plug PCI Core version: 0.5
[   11.063521] pciehp: PCI Express Hot Plug Controller Driver version: 0.4
[   11.096637] ACPI: AC Adapter [AC] (off-line)
[   11.140651] input: Power Button as /devices/LNXSYSTM:00/LNXPWRBN:00/input/input0
[   11.173243] ACPI: Power Button [PWRF]
[   11.203565] input: Sleep Button as /devices/LNXSYSTM:00/LNXSLPBN:00/input/input1
[   11.205701] ACPI: Sleep Button [SLPF]
[   11.252765] GHES: HEST is not enabled!
[   11.253788] ACPI: Battery Slot [BAT0] (battery present)
[   11.366457] tsc: Refined TSC clocksource calibration: 1599.738 MHz
[   11.442519] clocksource: tsc: mask: 0xffffffffffffffff max_cycles: 0x170f2d81c6c, max_idle_ns: 440795242119 ns
[   11.442706] Serial: 8250/16550 driver, 32 ports, IRQ sharing enabled
[   11.628195] 00:02: ttyS0 at I/O 0x3f8 (irq = 4, base_baud = 115200) is a 16550A
[   11.740373] Linux agpgart interface v0.103
[   11.749221] loop: module loaded
[   11.777734] scsi host0: ata_piix
[   11.809649] scsi host1: ata_piix
[   11.873441] ata1: PATA max UDMA/33 cmd 0x1f0 ctl 0x3f6 bmdma 0xd000 irq 14
[   11.889338] ata2: PATA max UDMA/33 cmd 0x170 ctl 0x376 bmdma 0xd008 irq 15
[   11.891339] libphy: Fixed MDIO Bus: probed
[   11.908337] tun: Universal TUN/TAP device driver, 1.6
[   11.923419] tun: (C) 1999-2004 Max Krasnyansky <maxk@qualcomm.com>
[   11.945700] PPP generic driver version 2.4.2
[   11.959767] ehci_hcd: USB 2.0 'Enhanced' Host Controller (EHCI) Driver
[   11.984748] ehci-pci: EHCI PCI platform driver
[   11.996348] ehci-platform: EHCI generic platform driver
[   12.012086] ohci_hcd: USB 1.1 'Open' Host Controller (OHCI) Driver
[   12.048807] ohci-pci: OHCI PCI platform driver
[   12.069498] ohci-platform: OHCI generic platform driver
[   12.084861] uhci_hcd: USB Universal Host Controller Interface driver
[   12.105967] i8042: PNP: PS/2 Controller [PNP0303:PS2K,PNP0f03:PS2M] at 0x60,0x64 irq 1,12
[   12.138837] serio: i8042 KBD port at 0x60,0x64 irq 1
[   12.177632] serio: i8042 AUX port at 0x60,0x64 irq 12
[   12.192931] mousedev: PS/2 mouse device common for all mice
[   12.215513] input: AT Translated Set 2 keyboard as /devices/platform/i8042/serio0/input/input2
[   12.238338] rtc_cmos rtc_cmos: rtc core: registered rtc_cmos as rtc0
[   12.261682] rtc_cmos rtc_cmos: alarms up to one day, 114 bytes nvram
[   12.347861] i2c /dev entries driver
[   12.397502] device-mapper: uevent: version 1.0.3
[   12.415063] device-mapper: ioctl: 4.34.0-ioctl (2015-10-28) initialised: dm-devel@redhat.com
[   12.426406] ledtrig-cpu: registered to indicate activity on CPUs
[   12.429028] NET: Registered protocol family 10
[   12.450553] NET: Registered protocol family 17
[   12.451587] Key type dns_resolver registered
[   12.453884] microcode: CPU0 sig=0x306d4, pf=0x40, revision=0x0
[   12.458774] microcode: CPU1 sig=0x306d4, pf=0x40, revision=0x0
[   12.554323] microcode: Microcode Update Driver: v2.01 <tigran@aivazian.fsnet.co.uk>, Peter Oruba
[   12.656781] registered taskstats version 1
[   12.725416] Loading compiled-in X.509 certificates
[   12.767275] Loaded X.509 cert 'Build time autogenerated kernel key: a6f98c496ad22cf23b77f8fe21ff88c41791cbd4'
[   12.932065] zswap: loaded using pool lzo/zbud
[   13.013993] Key type trusted registered
[   13.084273] Key type encrypted registered
[   13.162810] AppArmor: AppArmor sha1 policy hashing enabled
[   13.232944] ima: No TPM chip found, activating TPM-bypass!
[   13.300895] evm: HMAC attrs: 0x1
[   13.323715]   Magic number: 1:554:451
[   13.341412] rtc_cmos rtc_cmos: setting system clock to 2017-09-11 22:25:38 UTC (1505168738)
[   13.361200] BIOS EDD facility v0.16 2004-Jun-25, 0 devices found
[   13.374552] EDD information not available.
[   13.389768] Freeing unused kernel memory: 1492K (ffffffff81f45000 - ffffffff820ba000)
[   13.424135] Write protecting the kernel read-only data: 14336k
[   13.449749] Freeing unused kernel memory: 1748K (ffff88000184b000 - ffff880001a00000)
[   13.488398] Freeing unused kernel memory: 112K (ffff880001de4000 - ffff880001e00000)
Loading, please wait...
[   13.563834] random: systemd-udevd: uninitialized urandom read (16 bytes read, 5 bits of entropy available)
starting version 229
[   13.565151] random: udevadm: uninitialized urandom read (16 bytes read, 5 bits of entropy available)
[   13.565213] random: udevadm: uninitialized urandom read (16 bytes read, 5 bits of entropy available)
[   13.565368] random: udevadm: uninitialized urandom read (16 bytes read, 5 bits of entropy available)
[   13.565414] random: udevadm: uninitialized urandom read (16 bytes read, 5 bits of entropy available)
[   13.565455] random: udevadm: uninitialized urandom read (16 bytes read, 5 bits of entropy available)
[   13.565497] random: udevadm: uninitialized urandom read (16 bytes read, 5 bits of entropy available)
[   13.565538] random: udevadm: uninitialized urandom read (16 bytes read, 5 bits of entropy available)
[   13.565858] random: udevadm: uninitialized urandom read (16 bytes read, 5 bits of entropy available)
[   13.566149] random: udevadm: uninitialized urandom read (16 bytes read, 5 bits of entropy available)
[   14.360915] e1000: Intel(R) PRO/1000 Network Driver - version 7.3.21-k8-NAPI
[   14.372562] e1000: Copyright (c) 1999-2006 Intel Corporation.
[   14.377995] Fusion MPT base driver 3.04.20
[   14.392299] Copyright (c) 1999-2008 LSI Corporation
[   14.409860] Fusion MPT SPI Host driver 3.04.20
[   14.420839] AVX version of gcm_enc/dec engaged.
[   14.423769] AES CTR mode by8 optimization enabled
[   14.634818] input: ImExPS/2 Generic Explorer Mouse as /devices/platform/i8042/serio1/input/input4
[   14.806596] e1000 0000:00:03.0 eth0: (PCI:33MHz:32-bit) 02:04:e4:df:e4:d8
[   14.830578] e1000 0000:00:03.0 eth0: Intel(R) PRO/1000 Network Connection
[   15.238209] e1000 0000:00:08.0 eth1: (PCI:33MHz:32-bit) 08:00:27:16:5e:d0
[   15.365401] e1000 0000:00:08.0 eth1: Intel(R) PRO/1000 Network Connection
[   15.432048] mptbase: ioc0: Initiating bringup
[   15.432304] e1000 0000:00:08.0 enp0s8: renamed from eth1
[   15.558857] e1000 0000:00:03.0 enp0s3: renamed from eth0
[   15.622649] ioc0: LSI53C1030 A0: Capabilities={Initiator}
[   15.846787] scsi host2: ioc0: LSI53C1030 A0, FwRev=00000000h, Ports=1, MaxQ=256, IRQ=20
[   16.074018] scsi 2:0:0:0: Direct-Access     VBOX     HARDDISK         1.0  PQ: 0 ANSI: 5
[   16.090424] scsi target2:0:0: Beginning Domain Validation
[   16.147739] scsi target2:0:0: Domain Validation skipping write tests
[   16.265089] scsi target2:0:0: Ending Domain Validation
[   16.314591] scsi target2:0:0: asynchronous
[   16.316509] scsi 2:0:1:0: Direct-Access     VBOX     HARDDISK         1.0  PQ: 0 ANSI: 5
[   16.421447] scsi target2:0:1: Beginning Domain Validation
[   16.473115] scsi target2:0:1: Domain Validation skipping write tests
[   16.543415] scsi target2:0:1: Ending Domain Validation
[   16.574185] scsi target2:0:1: asynchronous
[   16.597212] sd 2:0:0:0: Attached scsi generic sg0 type 0
[   16.599543] sd 2:0:0:0: [sda] 20971520 512-byte logical blocks: (10.7 GB/10.0 GiB)
[   16.697752] sd 2:0:1:0: Attached scsi generic sg1 type 0
[   16.711334] sd 2:0:1:0: [sdb] 20480 512-byte logical blocks: (10.5 MB/10.0 MiB)
[   16.711357] sd 2:0:0:0: [sda] Write Protect is off
[   16.758152] sd 2:0:0:0: [sda] Incomplete mode parameter data
[   16.758522] sd 2:0:1:0: [sdb] Write Protect is off
[   16.758657] sd 2:0:1:0: [sdb] Incomplete mode parameter data
[   16.758659] sd 2:0:1:0: [sdb] Assuming drive cache: write through
[   16.812237] sd 2:0:0:0: [sda] Assuming drive cache: write through
[   16.849975] sd 2:0:1:0: [sdb] Attached SCSI disk
[   16.944035]  sda: sda1
[   16.955121] sd 2:0:0:0: [sda] Attached SCSI disk
[   17.481269] floppy0: no floppy controllers found
Begin: Loading e[   18.917824] md: linear personality registered for level -1
ssential drivers ... [   18.964363] md: multipath personality registered for level -4
[   18.984591] md: raid0 personality registered for level 0
[   19.006403] md: raid1 personality registered for level 1
[   19.103069] raid6: sse2x1   gen()  6727 MB/s
[   19.214267] raid6: sse2x1   xor()  5491 MB/s
[   19.338969] raid6: sse2x2   gen()  9446 MB/s
[   19.411435] raid6: sse2x2   xor()  6711 MB/s
[   19.526679] raid6: sse2x4   gen() 11337 MB/s
[   19.655931] raid6: sse2x4   xor()  7902 MB/s
[   19.698913] raid6: using algorithm sse2x4 gen() 11337 MB/s
[   19.813525] raid6: .... xor() 7902 MB/s, rmw enabled
[   19.848009] raid6: using ssse3x2 recovery algorithm
[   19.917303] xor: automatically using best checksumming function:
[   20.007070]    avx       : 27830.000 MB/sec
[   20.072796] async_tx: api initialized (async)
[   20.104893] md: raid6 personality registered for level 6
[   20.151110] md: raid5 personality registered for level 5
[   20.174640] md: raid4 personality registered for level 4
[   20.188212] md: raid10 personality registered for level 10
done.
Begin: Running /scripts/init-premount ... done.
Begin: Mounting root file system ... Begin: Ru[   20.229197] Btrfs loaded
nning /scripts/local-top ... done.
Begin: Running /scripts/local-premount ... Scanning for Btrfs filesystems
done.
Warning: fsck not present, so skipping root file system
[   20.314658] EXT4-fs (sda1): mounted filesystem with ordered data mode. Opts: (null)
done.
Begin: Running /scripts/local-bottom ... done.
Begin: Running /scripts/init-bottom ... done.
[   20.760366] systemd[1]: systemd 229 running in system mode. (+PAM +AUDIT +SELINUX +IMA +APPARMOR +SMACK +SYSVINIT +UTMP +LIBCRYPTSETUP +GCRYPT +GNUTLS +ACL +XZ -LZ4 +SECCOMP +BLKID +ELFUTILS +KMOD -IDN)
[   20.983617] systemd[1]: Detected virtualization oracle.
[   21.037944] systemd[1]: Detected architecture x86-64.

Welcome to [1mUbuntu 16.04.3 LTS[0m!

[   21.153318] systemd[1]: Set hostname to <ubuntu-xenial>.
[   21.906948] systemd[1]: Listening on Syslog Socket.
[[0;32m  OK  [0m] Listening on Syslog Socket.
[   22.006658] systemd[1]: Reached target Encrypted Volumes.
[[0;32m  OK  [0m] Reached target Encrypted Volumes.
[   22.107302] systemd[1]: Listening on LVM2 metadata daemon socket.
[[0;32m  OK  [0m] Listening on LVM2 metadata daemon socket.
[   22.227553] systemd[1]: Created slice User and Session Slice.
[[0;32m  OK  [0m] Created slice User and Session Slice.
[   22.349052] systemd[1]: Reached target User and Group Name Lookups.
[[0;32m  OK  [0m] Reached target User and Group Name Lookups.
[   22.378126] systemd[1]: Listening on Journal Audit Socket.
[[0;32m  OK  [0m] Listening on Journal Audit Socket.
[   22.410646] systemd[1]: Listening on /dev/initctl Compatibility Named Pipe.
[[0;32m  OK  [0m] Listening on /dev/initctl Compatibility Named Pipe.
[   22.443167] systemd[1]: Listening on Journal Socket (/dev/log).
[[0;32m  OK  [0m] Listening on Journal Socket (/dev/log).
[   22.469863] systemd[1]: Started Forward Password Requests to Wall Directory Watch.
[[0;32m  OK  [0m] Started Forward Password Requests to Wall Directory Watch.
[   22.582903] systemd[1]: Listening on Device-mapper event daemon FIFOs.
[[0;32m  OK  [0m] Listening on Device-mapper event daemon FIFOs.
[   22.599264] systemd[1]: Reached target Swap.
[[0;32m  OK  [0m] Reached target Swap.
[   22.727229] systemd[1]: Created slice System Slice.
[[0;32m  OK  [0m] Created slice System Slice.
[   22.854373] systemd[1]: Created slice system-serial\x2dgetty.slice.
[[0;32m  OK  [0m] Created slice system-serial\x2dgetty.slice.
[   22.951956] systemd[1]: Set up automount Arbitrary Executable File Formats File System Automount Point.
[[0;32m  OK  [0m] Set up automount Arbitrary Executab...ats File System Automount Point.
[   23.032368] systemd[1]: Listening on LVM2 poll daemon socket.
[[0;32m  OK  [0m] Listening on LVM2 poll daemon socket.
[   23.067349] systemd[1]: Started Trigger resolvconf update for networkd DNS.
[[0;32m  OK  [0m] Started Trigger resolvconf update for networkd DNS.
[   23.191299] systemd[1]: Listening on udev Kernel Socket.
[[0;32m  OK  [0m] Listening on udev Kernel Socket.
[   23.210619] systemd[1]: Listening on udev Control Socket.
[[0;32m  OK  [0m] Listening on udev Control Socket.
[   23.230984] systemd[1]: Reached target Slices.
[[0;32m  OK  [0m] Reached target Slices.
[   23.254876] systemd[1]: Listening on Journal Socket.
[[0;32m  OK  [0m] Listening on Journal Socket.
[   23.278934] systemd[1]: Mounting Debug File System...
         Mounting Debug File System...
[   23.318087] random: nonblocking pool is initialized
[   23.320385] systemd[1]: Starting Nameserver information manager...
         Starting Nameserver information manager...
[   23.340160] systemd[1]: Starting Load Kernel Modules...
[   23.380496] Loading iSCSI transport class v2.0-870.
         Starting Load Kernel Mo[   23.446541] iscsi: registered transport (tcp)
dules...
[   23.486598] systemd[1]: Mounting POSIX Message Queue File System...
         Mounting POSIX Message Queue File System...
[   23.571180] systemd[1]: Starting Monitoring of LVM2 mirrors, snapshots etc. using dmeventd or progress polling...
         Startin[   23.616196] iscsi: registered transport (iser)
g Monitoring of LVM2 mirrors... dmeventd or progress polling...
[   23.710685] systemd[1]: Starting Journal Service...
         Starting Journal Service...
[   23.787007] systemd[1]: Starting Uncomplicated firewall...
         Starting Uncomplicated firewall...
[   23.870646] systemd[1]: Starting Set console keymap...
         Starting Set console keymap...
[   23.958469] systemd[1]: Mounting Huge Pages File System...
         Mounting Huge Pages File System...
[   24.014863] systemd[1]: Starting Remount Root and Kernel File Systems...
         [   24.056691] EXT4-fs (sda1): re-mounted. Opts: (null)
Starting Remount Root and Kernel File Systems...
[   24.187217] systemd[1]: Starting Create list of required static device nodes for the current kernel...
         Starting Create list of required st... nodes for the current kernel...
[   24.336370] systemd[1]: Mounted Huge Pages File System.
[[0;32m  OK  [0m] Mounted Huge Pages File System.
[   24.447161] systemd[1]: Mounted POSIX Message Queue File System.
[[0;32m  OK  [0m] Mounted POSIX Message Queue File System.
[   24.555028] systemd[1]: Mounted Debug File System.
[[0;32m  OK  [0m] Mounted Debug File System.
[   24.607105] systemd[1]: Started Journal Service.
[[0;32m  OK  [0m] Started Journal Service.
[[0;32m  OK  [0m] Started Load Kernel Modules.
[[0;32m  OK  [0m] Started Uncomplicated firewall.
[[0;32m  OK  [0m] Started Set console keymap.
[[0;32m  OK  [0m] Started Remount Root and Kernel File Systems.
[[0;32m  OK  [0m] Started Create list of required sta...ce nodes for the current kernel.
[[0;32m  OK  [0m] Started Nameserver information manager.
[[0;32m  OK  [0m] Started LVM2 metadata daemon.
         Starting Create Static Device Nodes in /dev...
         Starting udev Coldplug all Devices...
         Starting Load/Save Random Seed...
         Starting Initial cloud-init job (pre-networking)...
         Mounting FUSE Control File System...
         Starting Apply Kernel Variables...
         Starting Flush Journal to Persistent Storage...
[[0;32m  OK  [0m] Mounted FUSE Control File System.
[[0;32m  OK  [0m] Started Create Static Device Nodes in /dev.
[[0;32m  OK  [0m] Started Load/Save Random Seed.
[[0;32m  OK  [0m] Started Apply Kernel Variables.
[[0;32m  OK  [0m] Started udev Coldplug all Devices.
         Starting udev Kernel Device Manager...
[[0;32m  OK  [0m] Started Flush Journal to Persistent Storage.
[[0;32m  OK  [0m] Started Monitoring of LVM2 mirrors,...ng dmeventd or progress polling.
[[0;32m  OK  [0m] Started udev Kernel Device Manager.
[[0;32m  OK  [0m] Reached target Local File Systems (Pre).
[[0;32m  OK  [0m] Reached target Local File Systems.
         Starting LSB: AppArmor initialization...
         Starting Tell Plymouth To Write Out Runtime Data...
         Starting Set console font and keymap...
         Starting Create Volatile Files and Directories...
[[0;32m  OK  [0m] Started Dispatch Password Requests to Console Directory Watch.
[[0;32m  OK  [0m] Started Tell Plymouth To Write Out Runtime Data.
[[0;32m  OK  [0m] Started Create Volatile Files and Directories.
[[0;32m  OK  [0m] Found device /dev/ttyS0.
[[0;32m  OK  [0m] Started LSB: AppArmor initialization.
[[0;32m  OK  [0m] Listening on Load/Save RF Kill Switch Status /dev/rfkill Watch.
         Starting Update UTMP about System Boot/Shutdown...
[[0;32m  OK  [0m] Reached target System Time Synchronized.
[[0;32m  OK  [0m] Started Update UTMP about System Boot/Shutdown.
[[0;32m  OK  [0m] Started Set console font and keymap.
[[0;32m  OK  [0m] Created slice system-getty.slice.
[   21.616370] cloud-init[459]: Cloud-init v. 0.7.9 running 'init-local' at Mon, 11 Sep 2017 22:25:52 +0000. Up 20.97 seconds.
[[0;32m  OK  [0m] Started Initial cloud-init job (pre-networking).
[[0;32m  OK  [0m] Reached target Network (Pre).
[[0;32m  OK  [0m] Started ifup for enp0s3.
[[0;32m  OK  [0m] Started ifup for enp0s8.
         Starting Raise network interfaces...
[[0;32m  OK  [0m] Started Raise network interfaces.
         Starting Initial cloud-init job (metadata service crawler)...
[[0;32m  OK  [0m] Reached target Network.
[   23.533026] cloud-init[1055]: Cloud-init v. 0.7.9 running 'init' at Mon, 11 Sep 2017 22:25:54 +0000. Up 23.00 seconds.
[   23.589242] [cloud-init[0;32m  OK  [0m[1055]: ] ci-info: ++++++++++++++++++++++++++++++++++++++Net device info++++++++++++++++++++++++++++++++++++++Started Initial cloud-init job (metadata service crawler).

[   23.589985] cloud-init[1055]: ci-info: +--------+------+-----------------------------+---------------+-------+-------------------+
[   23.761291] [cloud-init[0;32m  OK  [0m[1055]: ] ci-info: | Device |  Up  |           Address           |      Mask     | Scope |     Hw-Address    |Reached target Network is Online.

[   23.762278] cloud-init[1055]: ci-info: +--------+------+-----------------------------+---------------+-------+-------------------+
[   23.912693] cloud-init[1055]: ci-info: | enp0s3 | True |          10.0.2.15          | 255.255.255.0 |   .   | 02:04:e4:df:e4:d8 |
         Starting iSCSI initiator daemon (iscsid)...
[[0;32m  OK  [0m] Reached target Cloud-config availability.
[[0;32m  OK  [0m] Reached target System Initialization.
[   23.995504] cloud-init[1055]: ci-info: | enp0s3 | True |  fe80::4:e4ff:fedf:e4d8/64  |       .       |  link | 02:04:e4:df:e4:d8 |
[   24.172558] cloud-init[1055]: ci-info: |   lo   | True |          127.0.0.1          |   255.0.0.0   |   .   |         .         |
[   24.216601] cloud-init[1055]: ci-info: |   lo   | True |           ::1/128           |       .       |  host |         .         |
[[0;32m  OK  [0m] Started ACPI Events Check.
[[0;32m  OK  [0m] Reached target Paths.
[[0;32m  OK  [0m] Listening on D-Bus System Message Bus Socket.
[   24.255640] cloud-init[1055]: ci-info: | enp0s8 | True |        192.168.10.100       | 255.255.255.0 |   .   | 08:00:27:16:5e:d0 |
[   24.383897] cloud-init[1055]: ci-info: | enp0s8 | True | fe80::a00:27ff:fe16:5ed0/64 |       .       |  link | 08:00:27:16:5e:d0 |
[   24.416564] cloud-init[1055]: ci-info: +--------+------+-----------------------------+---------------+-------+-------------------+
         Starting Socket activation for snappy daemon.
[[0;32m  OK  [0m] Started Daily Cleanup of Temporary Directories.
[   24.476926] cloud-init[1055]: ci-info: ++++++++++++++++++++++++++++Route IPv4 info++++++++++++++++++++++++++++
[   24.616952] cloud-init[1055]: ci-info: +-------+--------------+----------+---------------+-----------+-------+
[   24.676715] cloud-init[1055]: ci-info: | Route | Destination  | Gateway  |    Genmask    | Interface | Flags |
[   24.736866] cloud-init[1055]: ci-info: +-------+--------------+----------+---------------+-----------+-------+
[[0;32m  OK  [0m] Started Timer to automatically refresh installed snaps.
[[0;32m  OK  [0m] Listening on UUID daemon activation socket.
[[0;32m  OK  [0m] Started Daily apt download activities.
[   24.799759] cloud-init[1055]: ci-info: |   0   |   0.0.0.0    | 10.0.2.2 |    0.0.0.0    |   enp0s3  |   UG  |
[   24.956566] cloud-init[1055]: ci-info: |   1   |   10.0.2.0   | 0.0.0.0  | 255.255.255.0 |   enp0s3  |   U   |
[[0;32m  OK  [0m] Started Daily apt upgrade and clean activities.
[   24.995916] cloud-init[1055]: ci-info: |   2   | 192.168.10.0 | 0.0.0.0  | 255.255.255.0 |   enp0s8  |   U   |
         Starting LXD - unix socket.
[[0;32m  OK  [0m] Listening on ACPID Listen Socket.
[   25.082604] cloud-init[1055]: ci-info: +-------+--------------+----------+---------------+-----------+-------+
[[0;32m  OK  [0m] Started Timer to automatically fetch and run repair assertions.
[[0;32m  OK  [0m] Reached target Timers.
[[0;32m  OK  [0m] Listening on Socket activation for snappy daemon.
[[0;32m  OK  [0m] Listening on LXD - unix socket.
[[0;32m  OK  [0m] Started iSCSI initiator daemon (iscsid).
         Starting Login to default iSCSI targets...
[[0;32m  OK  [0m] Reached target Sockets.
[[0;32m  OK  [0m] Reached target Basic System.
         Starting Accounts Service...
         Starting A high performance web server and a reverse proxy server...
         Starting /etc/rc.local Compatibility...
[[0;32m  OK  [0m] Started Regular background program processing daemon.
         Starting Login Service...
[[0;32m  OK  [0m] Started FUSE filesystem for LXC.
[[0;32m  OK  [0m] Started ACPI event daemon.
         Starting Apply the settings specified in cloud-config...
         Starting OpenBSD Secure Shell server...
         Starting LXD - container startup/shutdown...
         Starting System Logging Service...
[[0;32m  OK  [0m] Started Unattended Upgrades Shutdown.
[[0;32m  OK  [0m] Started Deferred execution scheduler.
         Starting LSB: Record successful boot for GRUB...
         Starting LSB: MD monitoring daemon...
[[0;32m  OK  [0m] Started D-Bus System Message Bus.
         Starting Snappy daemon...
[[0;32m  OK  [0m] Started System Logging Service.
[[0;32m  OK  [0m] Started OpenBSD Secure Shell server.
[[0;32m  OK  [0m] Started /etc/rc.local Compatibility.
[[0;32m  OK  [0m] Started LXD - container startup/shutdown.
[[0;32m  OK  [0m] Started A high performance web server and a reverse proxy server.
[[0;32m  OK  [0m] Started Snappy daemon.
[   26.324034] cloud-init[1139]: Cloud-init v. 0.7.9 running 'modules:config' at Mon, 11 Sep 2017 22:25:57 +0000. Up 26.17 seconds.
[[0;32m  OK  [0m] Started Apply the settings specified in cloud-config.
[[0;32m  OK  [0m] Started Login to default iSCSI targets.
[[0;32m  OK  [0m] Started LSB: Record successful boot for GRUB.
[[0;32m  OK  [0m] Started LSB: MD monitoring daemon.
[[0;32m  OK  [0m] Started Login Service.
         Starting Authenticate and Authorize Users to Run Privileged Tasks...
[[0;32m  OK  [0m] Reached target Remote File Systems (Pre).
[[0;32m  OK  [0m] Reached target Remote File Systems.
         Starting LSB: Set the CPU Frequency Scaling governor to "ondemand"...
         Starting LSB: automatic crash report generation...
         Starting Permit User Sessions...
         Starting LSB: VirtualBox Linux Additions...
         Starting LSB: daemon to balance interrupts for SMP systems...
         Starting Auto import assertions from block devices...
[[0;32m  OK  [0m] Started Permit User Sessions.
[[0;32m  OK  [0m] Started Auto import assertions from block devices.
[[0;32m  OK  [0m] Started Authenticate and Authorize Users to Run Privileged Tasks.
[[0;32m  OK  [0m] Started Accounts Service.
[[0;32m  OK  [0m] Started LSB: Set the CPU Frequency Scaling governor to "ondemand".
         Starting Terminate Plymouth Boot Screen...
         Starting Hold until boot process finishes up...
[[0;32m  OK  [0m] Started LSB: automatic crash report generation.
[[0;32m  OK  [0m] Started LSB: daemon to balance interrupts for SMP systems.
[[0;32m  OK  [0m] Started LSB: VirtualBox Linux Additions.
[[0;32m  OK  [0m] Started Terminate Plymouth Boot Screen.
[[0;32m  OK  [0m] Started Hold until boot process finishes up.
[[0;32m  OK  [0m] Started Getty on tty1.
         Starting Set console scheme...
[[0;32m  OK  [0m] Started Serial Getty on ttyS0.
[[0;32m  OK  [0m] Reached target Login Prompts.
[[0;32m  OK  [0m] Reached target Multi-User System.
         Starting Execute cloud user/final scripts...
[[0;32m  OK  [0m] Reached target Graphical Interface.
         Starting Update UTMP about System Runlevel Changes...
[[0;32m  OK  [0m] Started Set console scheme.
[[0;32m  OK  [0m] Started Update UTMP about System Runlevel Changes.
[   28.067553] cloud-init[1300]: Cloud-init v. 0.7.9 running 'modules:final' at Mon, 11 Sep 2017 22:25:59 +0000. Up 27.88 seconds.
[   28.132599] cloud-init[1300]: Cloud-init v. 0.7.9 finished at Mon, 11 Sep 2017 22:25:59 +0000. Datasource DataSourceNoCloud [seed=/dev/sdb][dsmode=net].  Up 28.06 seconds
[[0;32m  OK  [0m] Started Execute cloud user/final scripts.
[[0;32m  OK  [0m] Reached target Cloud-init target.

Ubuntu 16.04.3 LTS ubuntu-xenial ttyS0

ubuntu-xenial login: 